<html>
<body>
<pre>
<h1>µVision Build Log</h1>
<h2>Tool Versions:</h2>
IDE-Version: ¦ÌVision V5.40.0.0
Copyright (C) 2024 ARM Ltd and ARM Germany GmbH. All rights reserved.
License Information: H Healer, e, LIC=KRMW3-ARCA3-9US4U-SSA4K-GU9XB-JW4EX
 
Tool Versions:
Toolchain:       MDK-ARM Plus  Version: 5.40.0.3
Toolchain Path:  D:\Keil\Keil_v5\ARM\ARMCC\Bin
C Compiler:      Armcc.exe V5.06 update 1 (build 61)
Assembler:       Armasm.exe V5.06 update 1 (build 61)
Linker/Locator:  ArmLink.exe V5.06 update 1 (build 61)
Library Manager: ArmAr.exe V5.06 update 1 (build 61)
Hex Converter:   FromElf.exe V5.06 update 1 (build 61)
CPU DLL:         SARMCM3.DLL V5.40.0.3
Dialog DLL:      DCM.DLL V1.17.5.0
Target DLL:      STLink\ST-LINKIII-KEIL_SWO.dll V3.3.0.0
Dialog DLL:      TCM.DLL V1.56.4.0
 
<h2>Project:</h2>
E:\MCU_Project\STM32F411Project\DAC8004_Driver\MDK-ARM\Project.uvprojx
Project File Date:  09/12/2025

<h2>Output:</h2>
*** Using Compiler 'V5.06 update 1 (build 61)', folder: 'D:\Keil\Keil_v5\ARM\ARMCC\Bin'
Build target 'Project'
compiling Echem_stim.c...
../Core/Inc/stm32f4xx_hal_conf.h(150): warning:  #47-D: incompatible redefinition of macro "VDD_VALUE"
  #define  VDD_VALUE		      3300U /*!< Value of VDD in mv */
../Core/Inc/stm32f4xx_hal_conf.h(153): warning:  #47-D: incompatible redefinition of macro "PREFETCH_ENABLE"
  #define  PREFETCH_ENABLE              1U
../Core/Inc/stm32f4xx_hal_conf.h(154): warning:  #47-D: incompatible redefinition of macro "INSTRUCTION_CACHE_ENABLE"
  #define  INSTRUCTION_CACHE_ENABLE     1U
../Core/Inc/stm32f4xx_hal_conf.h(155): warning:  #47-D: incompatible redefinition of macro "DATA_CACHE_ENABLE"
  #define  DATA_CACHE_ENABLE            1U
..\BSP\Echem_stim.c(223): warning:  #177-D: variable "current_cycle" was declared but never referenced
              uint32_t current_cycle = cycle_global_index / cycle_points;      // å½?å‰?æ˜?ç¬?å‡?ä¸?å¾?çŽ?
..\BSP\Echem_stim.c(754): warning:  #177-D: variable "pulse_points" was declared but never referenced
      uint32_t pulse_points = dpv_params->pulse_points;
..\BSP\Echem_stim.c(1315): warning:  #223-D: function "memset" declared implicitly
      memset(&g_cv_params, 0, sizeof(EchemCV_Params_t));
..\BSP\Echem_stim.c(1396): warning:  #1-D: last line of file ends without a newline
  }
..\BSP\Echem_stim.c: 8 warnings, 0 errors
linking...
Program Size: Code=12760 RO-data=600 RW-data=88 ZI-data=67440  
FromELF: creating hex file...
"Project\Project.axf" - 0 Error(s), 8 Warning(s).

<h2>Software Packages used:</h2>

Package Vendor: ARM
                https://www.keil.com/pack/ARM.CMSIS.6.1.0.pack
                ARM::CMSIS@6.1.0
                CMSIS (Common Microcontroller Software Interface Standard)
   * Component: CORE Version: 6.1.0

Package Vendor: Keil
                https://www.keil.com/pack/Keil.STM32F4xx_DFP.3.0.0.pack
                Keil::STM32F4xx_DFP@3.0.0
                STMicroelectronics STM32F4 Series Device Support

<h2>Collection of Component include folders:</h2>
  ./RTE/_Project
  D:/Keil/Packs/ARM/CMSIS/6.1.0/CMSIS/Core/Include

<h2>Collection of Component Files used:</h2>

   * Component: ARM::CMSIS:CORE@6.1.0
Build Time Elapsed:  00:00:02
</pre>
</body>
</html>
