<html>
<body>
<pre>
<h1>�Vision Build Log</h1>
<h2>Tool Versions:</h2>
IDE-Version: ��Vision V5.42.0.0
Copyright (C) 2025 ARM Ltd and ARM Germany GmbH. All rights reserved.
License Information: H Healer, e, LIC=KRMW3-ARCA3-9US4U-SSA4K-GU9XB-JW4EX
 
Tool Versions:
Toolchain:       MDK-ARM Plus  Version: 5.42.0.0
Toolchain Path:  D:\Keil\Keil_v5\ARM\ARMCC\Bin
C Compiler:      Armcc.exe V5.06 update 7 (build 960)
Assembler:       Armasm.exe V5.06 update 7 (build 960)
Linker/Locator:  ArmLink.exe V5.06 update 7 (build 960)
Library Manager: ArmAr.exe V5.06 update 7 (build 960)
Hex Converter:   FromElf.exe V5.06 update 7 (build 960)
CPU DLL:         SARMCM3.DLL V5.42.0.0
Dialog DLL:      DCM.DLL V1.17.5.0
Target DLL:      STLink\ST-LINKIII-KEIL_SWO.dll V3.3.0.0
Dialog DLL:      TCM.DLL V1.56.6.0
 
<h2>Project:</h2>
E:\MCU_Project\STM32F411Project\DAC8004_Driver\MDK-ARM\Project.uvprojx
Project File Date:  05/19/2026

<h2>Output:</h2>
*** Using Compiler 'V5.06 update 7 (build 960)', folder: 'D:\Keil\Keil_v5\ARM\ARMCC\Bin'
Build target 'Project'
compiling gpio.c...
../Core/Inc/stm32f4xx_hal_conf.h(150): warning:  #47-D: incompatible redefinition of macro "VDD_VALUE" 
  #define  VDD_VALUE		      3300U /*!< Value of VDD in mv */
../Core/Inc/stm32f4xx_hal_conf.h(153): warning:  #47-D: incompatible redefinition of macro "PREFETCH_ENABLE" 
  #define  PREFETCH_ENABLE              1U
../Core/Inc/stm32f4xx_hal_conf.h(154): warning:  #47-D: incompatible redefinition of macro "INSTRUCTION_CACHE_ENABLE" 
  #define  INSTRUCTION_CACHE_ENABLE     1U
../Core/Inc/stm32f4xx_hal_conf.h(155): warning:  #47-D: incompatible redefinition of macro "DATA_CACHE_ENABLE" 
  #define  DATA_CACHE_ENABLE            1U
../Core/Src/gpio.c(12): warning:  #177-D: variable "GPIO_InitStruct"  was declared but never referenced
    LL_GPIO_InitTypeDef GPIO_InitStruct = {0};
../Core/Src/gpio.c(47): warning:  #1-D: last line of file ends without a newline
  }
../Core/Src/gpio.c: 6 warnings, 0 errors
compiling stm32f4xx_it.c...
../Core/Inc/stm32f4xx_hal_conf.h(150): warning:  #47-D: incompatible redefinition of macro "VDD_VALUE" 
  #define  VDD_VALUE		      3300U /*!< Value of VDD in mv */
../Core/Inc/stm32f4xx_hal_conf.h(153): warning:  #47-D: incompatible redefinition of macro "PREFETCH_ENABLE" 
  #define  PREFETCH_ENABLE              1U
../Core/Inc/stm32f4xx_hal_conf.h(154): warning:  #47-D: incompatible redefinition of macro "INSTRUCTION_CACHE_ENABLE" 
  #define  INSTRUCTION_CACHE_ENABLE     1U
../Core/Inc/stm32f4xx_hal_conf.h(155): warning:  #47-D: incompatible redefinition of macro "DATA_CACHE_ENABLE" 
  #define  DATA_CACHE_ENABLE            1U
../Core/Src/stm32f4xx_it.c: 4 warnings, 0 errors
compiling dma.c...
../Core/Inc/stm32f4xx_hal_conf.h(150): warning:  #47-D: incompatible redefinition of macro "VDD_VALUE" 
  #define  VDD_VALUE		      3300U /*!< Value of VDD in mv */
../Core/Inc/stm32f4xx_hal_conf.h(153): warning:  #47-D: incompatible redefinition of macro "PREFETCH_ENABLE" 
  #define  PREFETCH_ENABLE              1U
../Core/Inc/stm32f4xx_hal_conf.h(154): warning:  #47-D: incompatible redefinition of macro "INSTRUCTION_CACHE_ENABLE" 
  #define  INSTRUCTION_CACHE_ENABLE     1U
../Core/Inc/stm32f4xx_hal_conf.h(155): warning:  #47-D: incompatible redefinition of macro "DATA_CACHE_ENABLE" 
  #define  DATA_CACHE_ENABLE            1U
../Core/Src/dma.c: 4 warnings, 0 errors
compiling spi.c...
../Core/Inc/stm32f4xx_hal_conf.h(150): warning:  #47-D: incompatible redefinition of macro "VDD_VALUE" 
  #define  VDD_VALUE		      3300U /*!< Value of VDD in mv */
../Core/Inc/stm32f4xx_hal_conf.h(153): warning:  #47-D: incompatible redefinition of macro "PREFETCH_ENABLE" 
  #define  PREFETCH_ENABLE              1U
../Core/Inc/stm32f4xx_hal_conf.h(154): warning:  #47-D: incompatible redefinition of macro "INSTRUCTION_CACHE_ENABLE" 
  #define  INSTRUCTION_CACHE_ENABLE     1U
../Core/Inc/stm32f4xx_hal_conf.h(155): warning:  #47-D: incompatible redefinition of macro "DATA_CACHE_ENABLE" 
  #define  DATA_CACHE_ENABLE            1U
../Core/Src/spi.c(331): warning:  #1-D: last line of file ends without a newline
  }
../Core/Src/spi.c: 5 warnings, 0 errors
compiling stm32f4xx_hal_msp.c...
../Core/Inc/stm32f4xx_hal_conf.h(150): warning:  #47-D: incompatible redefinition of macro "VDD_VALUE" 
  #define  VDD_VALUE		      3300U /*!< Value of VDD in mv */
../Core/Inc/stm32f4xx_hal_conf.h(153): warning:  #47-D: incompatible redefinition of macro "PREFETCH_ENABLE" 
  #define  PREFETCH_ENABLE              1U
../Core/Inc/stm32f4xx_hal_conf.h(154): warning:  #47-D: incompatible redefinition of macro "INSTRUCTION_CACHE_ENABLE" 
  #define  INSTRUCTION_CACHE_ENABLE     1U
../Core/Inc/stm32f4xx_hal_conf.h(155): warning:  #47-D: incompatible redefinition of macro "DATA_CACHE_ENABLE" 
  #define  DATA_CACHE_ENABLE            1U
..\Core\Src\stm32f4xx_hal_msp.c: 4 warnings, 0 errors
compiling main.c...
../Core/Inc/stm32f4xx_hal_conf.h(150): warning:  #47-D: incompatible redefinition of macro "VDD_VALUE" 
  #define  VDD_VALUE		      3300U /*!< Value of VDD in mv */
../Core/Inc/stm32f4xx_hal_conf.h(153): warning:  #47-D: incompatible redefinition of macro "PREFETCH_ENABLE" 
  #define  PREFETCH_ENABLE              1U
../Core/Inc/stm32f4xx_hal_conf.h(154): warning:  #47-D: incompatible redefinition of macro "INSTRUCTION_CACHE_ENABLE" 
  #define  INSTRUCTION_CACHE_ENABLE     1U
../Core/Inc/stm32f4xx_hal_conf.h(155): warning:  #47-D: incompatible redefinition of macro "DATA_CACHE_ENABLE" 
  #define  DATA_CACHE_ENABLE            1U
../Core/Src/main.c: 4 warnings, 0 errors
compiling usart.c...
../Core/Inc/stm32f4xx_hal_conf.h(150): warning:  #47-D: incompatible redefinition of macro "VDD_VALUE" 
  #define  VDD_VALUE		      3300U /*!< Value of VDD in mv */
../Core/Inc/stm32f4xx_hal_conf.h(153): warning:  #47-D: incompatible redefinition of macro "PREFETCH_ENABLE" 
  #define  PREFETCH_ENABLE              1U
../Core/Inc/stm32f4xx_hal_conf.h(154): warning:  #47-D: incompatible redefinition of macro "INSTRUCTION_CACHE_ENABLE" 
  #define  INSTRUCTION_CACHE_ENABLE     1U
../Core/Inc/stm32f4xx_hal_conf.h(155): warning:  #47-D: incompatible redefinition of macro "DATA_CACHE_ENABLE" 
  #define  DATA_CACHE_ENABLE            1U
..\Core\Src\usart.c(53): warning:  #1-D: last line of file ends without a newline
  }
..\Core\Src\usart.c: 5 warnings, 0 errors
compiling tim.c...
../Core/Inc/stm32f4xx_hal_conf.h(150): warning:  #47-D: incompatible redefinition of macro "VDD_VALUE" 
  #define  VDD_VALUE		      3300U /*!< Value of VDD in mv */
../Core/Inc/stm32f4xx_hal_conf.h(153): warning:  #47-D: incompatible redefinition of macro "PREFETCH_ENABLE" 
  #define  PREFETCH_ENABLE              1U
../Core/Inc/stm32f4xx_hal_conf.h(154): warning:  #47-D: incompatible redefinition of macro "INSTRUCTION_CACHE_ENABLE" 
  #define  INSTRUCTION_CACHE_ENABLE     1U
../Core/Inc/stm32f4xx_hal_conf.h(155): warning:  #47-D: incompatible redefinition of macro "DATA_CACHE_ENABLE" 
  #define  DATA_CACHE_ENABLE            1U
..\Core\Src\tim.c: 4 warnings, 0 errors
compiling stm32f4xx_ll_gpio.c...
compiling stm32f4xx_ll_dma.c...
compiling main_init.c...
../Core/Inc/stm32f4xx_hal_conf.h(150): warning:  #47-D: incompatible redefinition of macro "VDD_VALUE" 
  #define  VDD_VALUE		      3300U /*!< Value of VDD in mv */
../Core/Inc/stm32f4xx_hal_conf.h(153): warning:  #47-D: incompatible redefinition of macro "PREFETCH_ENABLE" 
  #define  PREFETCH_ENABLE              1U
../Core/Inc/stm32f4xx_hal_conf.h(154): warning:  #47-D: incompatible redefinition of macro "INSTRUCTION_CACHE_ENABLE" 
  #define  INSTRUCTION_CACHE_ENABLE     1U
../Core/Inc/stm32f4xx_hal_conf.h(155): warning:  #47-D: incompatible redefinition of macro "DATA_CACHE_ENABLE" 
  #define  DATA_CACHE_ENABLE            1U
..\Core\Src\main_init.c(42): warning:  #223-D: function "memset" declared implicitly
      memset(wave_high_data1, 0, sizeof(wave_high_data1));
..\Core\Src\main_init.c: 5 warnings, 0 errors
compiling stm32f4xx_ll_utils.c...
compiling stm32f4xx_ll_exti.c...
compiling stm32f4xx_ll_spi.c...
compiling adc.c...
../Core/Inc/stm32f4xx_hal_conf.h(150): warning:  #47-D: incompatible redefinition of macro "VDD_VALUE" 
  #define  VDD_VALUE		      3300U /*!< Value of VDD in mv */
../Core/Inc/stm32f4xx_hal_conf.h(153): warning:  #47-D: incompatible redefinition of macro "PREFETCH_ENABLE" 
  #define  PREFETCH_ENABLE              1U
../Core/Inc/stm32f4xx_hal_conf.h(154): warning:  #47-D: incompatible redefinition of macro "INSTRUCTION_CACHE_ENABLE" 
  #define  INSTRUCTION_CACHE_ENABLE     1U
../Core/Inc/stm32f4xx_hal_conf.h(155): warning:  #47-D: incompatible redefinition of macro "DATA_CACHE_ENABLE" 
  #define  DATA_CACHE_ENABLE            1U
..\Core\Src\adc.c: 4 warnings, 0 errors
compiling stm32f4xx_ll_rcc.c...
compiling stm32f4xx_hal.c...
../Core/Inc/stm32f4xx_hal_conf.h(150): warning:  #47-D: incompatible redefinition of macro "VDD_VALUE" 
  #define  VDD_VALUE		      3300U /*!< Value of VDD in mv */
../Core/Inc/stm32f4xx_hal_conf.h(153): warning:  #47-D: incompatible redefinition of macro "PREFETCH_ENABLE" 
  #define  PREFETCH_ENABLE              1U
../Core/Inc/stm32f4xx_hal_conf.h(154): warning:  #47-D: incompatible redefinition of macro "INSTRUCTION_CACHE_ENABLE" 
  #define  INSTRUCTION_CACHE_ENABLE     1U
../Core/Inc/stm32f4xx_hal_conf.h(155): warning:  #47-D: incompatible redefinition of macro "DATA_CACHE_ENABLE" 
  #define  DATA_CACHE_ENABLE            1U
..\Drivers\STM32F4xx_HAL_Driver\Src\stm32f4xx_hal.c: 4 warnings, 0 errors
compiling stm32f4xx_hal_cortex.c...
../Core/Inc/stm32f4xx_hal_conf.h(150): warning:  #47-D: incompatible redefinition of macro "VDD_VALUE" 
  #define  VDD_VALUE		      3300U /*!< Value of VDD in mv */
../Core/Inc/stm32f4xx_hal_conf.h(153): warning:  #47-D: incompatible redefinition of macro "PREFETCH_ENABLE" 
  #define  PREFETCH_ENABLE              1U
../Core/Inc/stm32f4xx_hal_conf.h(154): warning:  #47-D: incompatible redefinition of macro "INSTRUCTION_CACHE_ENABLE" 
  #define  INSTRUCTION_CACHE_ENABLE     1U
../Core/Inc/stm32f4xx_hal_conf.h(155): warning:  #47-D: incompatible redefinition of macro "DATA_CACHE_ENABLE" 
  #define  DATA_CACHE_ENABLE            1U
..\Drivers\STM32F4xx_HAL_Driver\Src\stm32f4xx_hal_cortex.c: 4 warnings, 0 errors
compiling system_stm32f4xx.c...
compiling stm32f4xx_ll_adc.c...
compiling stm32f4xx_ll_tim.c...
compiling stm32f4xx_ll_usart.c...
compiling LED.c...
../Core/Inc/stm32f4xx_hal_conf.h(150): warning:  #47-D: incompatible redefinition of macro "VDD_VALUE" 
  #define  VDD_VALUE		      3300U /*!< Value of VDD in mv */
../Core/Inc/stm32f4xx_hal_conf.h(153): warning:  #47-D: incompatible redefinition of macro "PREFETCH_ENABLE" 
  #define  PREFETCH_ENABLE              1U
../Core/Inc/stm32f4xx_hal_conf.h(154): warning:  #47-D: incompatible redefinition of macro "INSTRUCTION_CACHE_ENABLE" 
  #define  INSTRUCTION_CACHE_ENABLE     1U
../Core/Inc/stm32f4xx_hal_conf.h(155): warning:  #47-D: incompatible redefinition of macro "DATA_CACHE_ENABLE" 
  #define  DATA_CACHE_ENABLE            1U
..\BSP\LED.c: 4 warnings, 0 errors
compiling DAC80004.c...
../Core/Inc/stm32f4xx_hal_conf.h(150): warning:  #47-D: incompatible redefinition of macro "VDD_VALUE" 
  #define  VDD_VALUE		      3300U /*!< Value of VDD in mv */
../Core/Inc/stm32f4xx_hal_conf.h(153): warning:  #47-D: incompatible redefinition of macro "PREFETCH_ENABLE" 
  #define  PREFETCH_ENABLE              1U
../Core/Inc/stm32f4xx_hal_conf.h(154): warning:  #47-D: incompatible redefinition of macro "INSTRUCTION_CACHE_ENABLE" 
  #define  INSTRUCTION_CACHE_ENABLE     1U
../Core/Inc/stm32f4xx_hal_conf.h(155): warning:  #47-D: incompatible redefinition of macro "DATA_CACHE_ENABLE" 
  #define  DATA_CACHE_ENABLE            1U
..\BSP\DAC80004.c(76): warning:  #61-D: integer operation result is out of range
      module->TX_Data &= ~(0x0F << 28);        // 清除D31-D28
..\BSP\DAC80004.c: 5 warnings, 0 errors
compiling ChannelGain.c...
compiling Serial_Process.c...
../Core/Inc/stm32f4xx_hal_conf.h(150): warning:  #47-D: incompatible redefinition of macro "VDD_VALUE" 
  #define  VDD_VALUE		      3300U /*!< Value of VDD in mv */
../Core/Inc/stm32f4xx_hal_conf.h(153): warning:  #47-D: incompatible redefinition of macro "PREFETCH_ENABLE" 
  #define  PREFETCH_ENABLE              1U
../Core/Inc/stm32f4xx_hal_conf.h(154): warning:  #47-D: incompatible redefinition of macro "INSTRUCTION_CACHE_ENABLE" 
  #define  INSTRUCTION_CACHE_ENABLE     1U
../Core/Inc/stm32f4xx_hal_conf.h(155): warning:  #47-D: incompatible redefinition of macro "DATA_CACHE_ENABLE" 
  #define  DATA_CACHE_ENABLE            1U
..\BSP\Serial_Process.c: 4 warnings, 0 errors
compiling AD5260.c...
../Core/Inc/stm32f4xx_hal_conf.h(150): warning:  #47-D: incompatible redefinition of macro "VDD_VALUE" 
  #define  VDD_VALUE		      3300U /*!< Value of VDD in mv */
../Core/Inc/stm32f4xx_hal_conf.h(153): warning:  #47-D: incompatible redefinition of macro "PREFETCH_ENABLE" 
  #define  PREFETCH_ENABLE              1U
../Core/Inc/stm32f4xx_hal_conf.h(154): warning:  #47-D: incompatible redefinition of macro "INSTRUCTION_CACHE_ENABLE" 
  #define  INSTRUCTION_CACHE_ENABLE     1U
../Core/Inc/stm32f4xx_hal_conf.h(155): warning:  #47-D: incompatible redefinition of macro "DATA_CACHE_ENABLE" 
  #define  DATA_CACHE_ENABLE            1U
..\BSP\AD5260.c(66): warning:  #1-D: last line of file ends without a newline
  }
..\BSP\AD5260.c: 5 warnings, 0 errors
compiling Serial.c...
../Core/Inc/stm32f4xx_hal_conf.h(150): warning:  #47-D: incompatible redefinition of macro "VDD_VALUE" 
  #define  VDD_VALUE		      3300U /*!< Value of VDD in mv */
../Core/Inc/stm32f4xx_hal_conf.h(153): warning:  #47-D: incompatible redefinition of macro "PREFETCH_ENABLE" 
  #define  PREFETCH_ENABLE              1U
../Core/Inc/stm32f4xx_hal_conf.h(154): warning:  #47-D: incompatible redefinition of macro "INSTRUCTION_CACHE_ENABLE" 
  #define  INSTRUCTION_CACHE_ENABLE     1U
../Core/Inc/stm32f4xx_hal_conf.h(155): warning:  #47-D: incompatible redefinition of macro "DATA_CACHE_ENABLE" 
  #define  DATA_CACHE_ENABLE            1U
..\BSP\Serial.c(254): warning:  #1-D: last line of file ends without a newline
  }
..\BSP\Serial.c: 5 warnings, 0 errors
compiling DDS_DAC80004.c...
../Core/Inc/stm32f4xx_hal_conf.h(150): warning:  #47-D: incompatible redefinition of macro "VDD_VALUE" 
  #define  VDD_VALUE		      3300U /*!< Value of VDD in mv */
../Core/Inc/stm32f4xx_hal_conf.h(153): warning:  #47-D: incompatible redefinition of macro "PREFETCH_ENABLE" 
  #define  PREFETCH_ENABLE              1U
../Core/Inc/stm32f4xx_hal_conf.h(154): warning:  #47-D: incompatible redefinition of macro "INSTRUCTION_CACHE_ENABLE" 
  #define  INSTRUCTION_CACHE_ENABLE     1U
../Core/Inc/stm32f4xx_hal_conf.h(155): warning:  #47-D: incompatible redefinition of macro "DATA_CACHE_ENABLE" 
  #define  DATA_CACHE_ENABLE            1U
..\BSP\DDS_DAC80004.c(11): warning:  #188-D: enumerated type mixed with another type
  volatile DMAHandler_t g_dma_handler = {0};
..\BSP\DDS_DAC80004.c(18): warning:  #223-D: function "memset" declared implicitly
      memset((void*)&g_dma_handler, 0, sizeof(DMAHandler_t));
..\BSP\DDS_DAC80004.c(445): warning:  #223-D: function "LED_OFF" declared implicitly
          LED_OFF();
..\BSP\DDS_DAC80004.c(491): warning:  #223-D: function "LED_OFF" declared implicitly
          LED_OFF();
..\BSP\DDS_DAC80004.c(1300): warning:  #223-D: function "LED_OFF" declared implicitly
          LED_OFF();
..\BSP\DDS_DAC80004.c(1349): warning:  #223-D: function "LED_OFF" declared implicitly
          LED_OFF();
..\BSP\DDS_DAC80004.c(1425): warning:  #1-D: last line of file ends without a newline
  }
..\BSP\DDS_DAC80004.c: 11 warnings, 0 errors
compiling Echem_stim.c...
../Core/Inc/stm32f4xx_hal_conf.h(150): warning:  #47-D: incompatible redefinition of macro "VDD_VALUE" 
  #define  VDD_VALUE		      3300U /*!< Value of VDD in mv */
../Core/Inc/stm32f4xx_hal_conf.h(153): warning:  #47-D: incompatible redefinition of macro "PREFETCH_ENABLE" 
  #define  PREFETCH_ENABLE              1U
../Core/Inc/stm32f4xx_hal_conf.h(154): warning:  #47-D: incompatible redefinition of macro "INSTRUCTION_CACHE_ENABLE" 
  #define  INSTRUCTION_CACHE_ENABLE     1U
../Core/Inc/stm32f4xx_hal_conf.h(155): warning:  #47-D: incompatible redefinition of macro "DATA_CACHE_ENABLE" 
  #define  DATA_CACHE_ENABLE            1U
..\BSP\Echem_stim.c(228): warning:  #177-D: variable "current_cycle"  was declared but never referenced
              uint32_t current_cycle = cycle_global_index / cycle_points;      // 当前是第几个循环
..\BSP\Echem_stim.c(395): warning:  #177-D: variable "calculated_total"  was declared but never referenced
      uint32_t calculated_total = cv_params_calc.initial_points + 
..\BSP\Echem_stim.c(795): warning:  #177-D: variable "pulse_points"  was declared but never referenced
      uint32_t pulse_points = dpv_params->pulse_points;
..\BSP\Echem_stim.c(1849): warning:  #223-D: function "memset" declared implicitly
      memset(&g_cv_params, 0, sizeof(EchemCV_Params_t));
..\BSP\Echem_stim.c(1940): warning:  #1-D: last line of file ends without a newline
  }
..\BSP\Echem_stim.c: 9 warnings, 0 errors
linking...
Program Size: Code=18608 RO-data=768 RW-data=312 ZI-data=67000  
FromELF: creating hex file...
"Project\Project.axf" - 0 Error(s), 96 Warning(s).

<h2>Software Packages used:</h2>

Package Vendor: ARM
                https://www.keil.com/pack/ARM.CMSIS.6.1.0.pack
                ARM::CMSIS@6.1.0
                CMSIS (Common Microcontroller Software Interface Standard)
   * Component: CORE Version: 6.1.0

Package Vendor: Keil
                https://www.keil.com/pack/Keil.STM32F4xx_DFP.3.0.0.pack
                Keil::STM32F4xx_DFP@3.0.0
                STMicroelectronics STM32F4 Series Device Support

<h2>Collection of Component include folders:</h2>
  ./RTE/_Project
  D:/Keil/Packs/ARM/CMSIS/6.1.0/CMSIS/Core/Include

<h2>Collection of Component Files used:</h2>

   * Component: ARM::CMSIS:CORE@6.1.0
Build Time Elapsed:  00:00:03
</pre>
</body>
</html>
