Component: ARM Compiler 5.06 update 7 (build 960) Tool: armlink [4d3601]

==============================================================================

Section Cross References

    startup_stm32f411xe.o(RESET) refers to startup_stm32f411xe.o(STACK) for __initial_sp
    startup_stm32f411xe.o(RESET) refers to startup_stm32f411xe.o(.text) for Reset_Handler
    startup_stm32f411xe.o(RESET) refers to stm32f4xx_it.o(i.NMI_Handler) for NMI_Handler
    startup_stm32f411xe.o(RESET) refers to stm32f4xx_it.o(i.HardFault_Handler) for HardFault_Handler
    startup_stm32f411xe.o(RESET) refers to stm32f4xx_it.o(i.MemManage_Handler) for MemManage_Handler
    startup_stm32f411xe.o(RESET) refers to stm32f4xx_it.o(i.BusFault_Handler) for BusFault_Handler
    startup_stm32f411xe.o(RESET) refers to stm32f4xx_it.o(i.UsageFault_Handler) for UsageFault_Handler
    startup_stm32f411xe.o(RESET) refers to stm32f4xx_it.o(i.SVC_Handler) for SVC_Handler
    startup_stm32f411xe.o(RESET) refers to stm32f4xx_it.o(i.DebugMon_Handler) for DebugMon_Handler
    startup_stm32f411xe.o(RESET) refers to stm32f4xx_it.o(i.PendSV_Handler) for PendSV_Handler
    startup_stm32f411xe.o(RESET) refers to stm32f4xx_it.o(i.SysTick_Handler) for SysTick_Handler
    startup_stm32f411xe.o(RESET) refers to serial.o(i.USART1_IRQHandler) for USART1_IRQHandler
    startup_stm32f411xe.o(RESET) refers to stm32f4xx_it.o(i.DMA2_Stream2_IRQHandler) for DMA2_Stream2_IRQHandler
    startup_stm32f411xe.o(RESET) refers to spi.o(i.DMA2_Stream3_IRQHandler) for DMA2_Stream3_IRQHandler
    startup_stm32f411xe.o(RESET) refers to echem_stim.o(i.DMA2_Stream4_IRQHandler) for DMA2_Stream4_IRQHandler
    startup_stm32f411xe.o(RESET) refers to echem_stim.o(i.DMA2_Stream5_IRQHandler) for DMA2_Stream5_IRQHandler
    startup_stm32f411xe.o(.text) refers to system_stm32f4xx.o(i.SystemInit) for SystemInit
    startup_stm32f411xe.o(.text) refers to entry.o(.ARM.Collect$$$$00000000) for __main
    main.o(i.SystemClock_Config) refers to stm32f4xx_ll_utils.o(i.LL_Init1msTick) for LL_Init1msTick
    main.o(i.SystemClock_Config) refers to stm32f4xx_ll_utils.o(i.LL_SetSystemCoreClock) for LL_SetSystemCoreClock
    main.o(i.main) refers to main.o(i.SystemClock_Config) for SystemClock_Config
    main.o(i.main) refers to gpio.o(i.System_GPIO_Init) for System_GPIO_Init
    main.o(i.main) refers to led.o(i.LED_Init) for LED_Init
    main.o(i.main) refers to led.o(i.LED_ON) for LED_ON
    main.o(i.main) refers to usart.o(i.USART1_Init) for USART1_Init
    main.o(i.main) refers to channelgain.o(i.ChannelGain_Init) for ChannelGain_Init
    main.o(i.main) refers to stm32f4xx_ll_utils.o(i.LL_mDelay) for LL_mDelay
    main.o(i.main) refers to led.o(i.LED_OFF) for LED_OFF
    main.o(i.main) refers to echem_stim.o(i.Echem_stim_Init) for Echem_stim_Init
    main.o(i.main) refers to serial_process.o(i.Serial_Process) for Serial_Process
    main.o(i.main) refers to main_init.o(.data) for DAC80004_Module1
    gpio.o(i.GPIOB_Group1_Init) refers to memseta.o(.text) for __aeabi_memclr4
    gpio.o(i.GPIOB_Group1_Init) refers to gpio.o(i.LL_AHB1_GRP1_EnableClock) for LL_AHB1_GRP1_EnableClock
    gpio.o(i.GPIOB_Group1_Init) refers to stm32f4xx_ll_gpio.o(i.LL_GPIO_Init) for LL_GPIO_Init
    gpio.o(i.GPIOC_Group1_Init) refers to memseta.o(.text) for __aeabi_memclr4
    gpio.o(i.GPIOC_Group1_Init) refers to gpio.o(i.LL_AHB1_GRP1_EnableClock) for LL_AHB1_GRP1_EnableClock
    gpio.o(i.GPIOC_Group1_Init) refers to stm32f4xx_ll_gpio.o(i.LL_GPIO_Init) for LL_GPIO_Init
    gpio.o(i.System_GPIO_Init) refers to memseta.o(.text) for __aeabi_memclr4
    gpio.o(i.System_GPIO_Init) refers to gpio.o(i.LL_AHB1_GRP1_EnableClock) for LL_AHB1_GRP1_EnableClock
    dma.o(i.MX_DMA_Init) refers to dma.o(i.NVIC_EncodePriority) for NVIC_EncodePriority
    dma.o(i.MX_DMA_Init) refers to dma.o(i.__NVIC_SetPriority) for __NVIC_SetPriority
    dma.o(i.MX_DMA_Init) refers to dma.o(i.__NVIC_EnableIRQ) for __NVIC_EnableIRQ
    spi.o(i.DMA2_Stream3_IRQHandler) refers to spi.o(.data) for .data
    spi.o(i.DMA2_Stream3_IRQHandler) refers to spi.o(.constdata) for .constdata
    spi.o(i.LL_DMA_DisableStream) refers to spi.o(.constdata) for .constdata
    spi.o(i.LL_DMA_EnableStream) refers to spi.o(.constdata) for .constdata
    spi.o(i.LL_DMA_SetDataLength) refers to spi.o(.constdata) for .constdata
    spi.o(i.SPI1_Init) refers to memseta.o(.text) for __aeabi_memclr4
    spi.o(i.SPI1_Init) refers to spi.o(i.LL_AHB1_GRP1_EnableClock) for LL_AHB1_GRP1_EnableClock
    spi.o(i.SPI1_Init) refers to stm32f4xx_ll_gpio.o(i.LL_GPIO_Init) for LL_GPIO_Init
    spi.o(i.SPI1_Init) refers to stm32f4xx_ll_spi.o(i.LL_SPI_Init) for LL_SPI_Init
    spi.o(i.SPI1_Transmit16_Time) refers to stm32f4xx_hal.o(i.HAL_GetTick) for HAL_GetTick
    spi.o(i.SPI1_Transmit8_Time) refers to stm32f4xx_hal.o(i.HAL_GetTick) for HAL_GetTick
    spi.o(i.SPI1_Transmit_DMA) refers to spi.o(i.LL_DMA_DisableStream) for LL_DMA_DisableStream
[...]

==============================================================================

Image Symbol Table

    Local Symbols

    Symbol Name                              Value     Ov Type        Size  Object(Section)

    ../Core/Src/dma.c                        0x00000000   Number         0  dma.o ABSOLUTE
    ../Core/Src/gpio.c                       0x00000000   Number         0  gpio.o ABSOLUTE
    ../Core/Src/main.c                       0x00000000   Number         0  main.o ABSOLUTE
    ../Core/Src/spi.c                        0x00000000   Number         0  spi.o ABSOLUTE
    ../Core/Src/stm32f4xx_it.c               0x00000000   Number         0  stm32f4xx_it.o ABSOLUTE
    ../Core/Src/system_stm32f4xx.c           0x00000000   Number         0  system_stm32f4xx.o ABSOLUTE
    ../Drivers/STM32F4xx_HAL_Driver/Src/stm32f4xx_ll_dma.c 0x00000000   Number         0  stm32f4xx_ll_dma.o ABSOLUTE
    ../Drivers/STM32F4xx_HAL_Driver/Src/stm32f4xx_ll_exti.c 0x00000000   Number         0  stm32f4xx_ll_exti.o ABSOLUTE
    ../Drivers/STM32F4xx_HAL_Driver/Src/stm32f4xx_ll_gpio.c 0x00000000   Number         0  stm32f4xx_ll_gpio.o ABSOLUTE
    ../Drivers/STM32F4xx_HAL_Driver/Src/stm32f4xx_ll_rcc.c 0x00000000   Number         0  stm32f4xx_ll_rcc.o ABSOLUTE
    ../Drivers/STM32F4xx_HAL_Driver/Src/stm32f4xx_ll_spi.c 0x00000000   Number         0  stm32f4xx_ll_spi.o ABSOLUTE
    ../Drivers/STM32F4xx_HAL_Driver/Src/stm32f4xx_ll_utils.c 0x00000000   Number         0  stm32f4xx_ll_utils.o ABSOLUTE
    ../clib/../cmprslib/zerorunl2.c          0x00000000   Number         0  __dczerorl2.o ABSOLUTE
    ../clib/microlib/division.c              0x00000000   Number         0  uldiv.o ABSOLUTE
    ../clib/microlib/errno.c                 0x00000000   Number         0  errno.o ABSOLUTE
    ../clib/microlib/init/entry.s            0x00000000   Number         0  entry5.o ABSOLUTE
    ../clib/microlib/init/entry.s            0x00000000   Number         0  entry.o ABSOLUTE
    ../clib/microlib/init/entry.s            0x00000000   Number         0  entry8b.o ABSOLUTE
    ../clib/microlib/init/entry.s            0x00000000   Number         0  entry2.o ABSOLUTE
    ../clib/microlib/init/entry.s            0x00000000   Number         0  entry12b.o ABSOLUTE
    ../clib/microlib/init/entry.s            0x00000000   Number         0  entry12a.o ABSOLUTE
    ../clib/microlib/init/entry.s            0x00000000   Number         0  entry7a.o ABSOLUTE
    ../clib/microlib/init/entry.s            0x00000000   Number         0  entry11b.o ABSOLUTE
    ../clib/microlib/init/entry.s            0x00000000   Number         0  entry7b.o ABSOLUTE
    ../clib/microlib/init/entry.s            0x00000000   Number         0  entry11a.o ABSOLUTE
    ../clib/microlib/init/entry.s            0x00000000   Number         0  entry10b.o ABSOLUTE
    ../clib/microlib/init/entry.s            0x00000000   Number         0  entry10a.o ABSOLUTE
    ../clib/microlib/init/entry.s            0x00000000   Number         0  entry9b.o ABSOLUTE
    ../clib/microlib/init/entry.s            0x00000000   Number         0  entry8a.o ABSOLUTE
    ../clib/microlib/init/entry.s            0x00000000   Number         0  entry9a.o ABSOLUTE
    ../clib/microlib/longlong.c              0x00000000   Number         0  llushr.o ABSOLUTE
    ../clib/microlib/longlong.c              0x00000000   Number         0  llsshr.o ABSOLUTE
    ../clib/microlib/longlong.c              0x00000000   Number         0  llshl.o ABSOLUTE
    ../clib/microlib/string/memcpy.c         0x00000000   Number         0  memcpyb.o ABSOLUTE
    ../clib/microlib/string/memcpy.c         0x00000000   Number         0  memcpya.o ABSOLUTE
    ../clib/microlib/string/memset.c         0x00000000   Number         0  memseta.o ABSOLUTE
    ../clib/microlib/stubs.s                 0x00000000   Number         0  iusefp.o ABSOLUTE
    ../fplib/microlib/fpadd.c                0x00000000   Number         0  dadd.o ABSOLUTE
    ../fplib/microlib/fpcmp4.c               0x00000000   Number         0  dcmp4.o ABSOLUTE
    ../fplib/microlib/fpdiv.c                0x00000000   Number         0  ddiv.o ABSOLUTE
    ../fplib/microlib/fpepilogue.c           0x00000000   Number         0  depilogue.o ABSOLUTE
    ../fplib/microlib/fpfix.c                0x00000000   Number         0  dfixi.o ABSOLUTE
    ../fplib/microlib/fpfix.c                0x00000000   Number         0  dfixui.o ABSOLUTE
    ../fplib/microlib/fpflt.c                0x00000000   Number         0  dflti.o ABSOLUTE
    ../fplib/microlib/fpflt.c                0x00000000   Number         0  dfltui.o ABSOLUTE
    ../fplib/microlib/fpmul.c                0x00000000   Number         0  dmul.o ABSOLUTE
    ../fplib/microlib/fpneg.c                0x00000000   Number         0  dneg.o ABSOLUTE
    ../fplib/microlib/fprem.c                0x00000000   Number         0  drem.o ABSOLUTE
    ../fplib/microlib/fprnd.c                0x00000000   Number         0  drnd.o ABSOLUTE
    ../mathlib/ceil.c                        0x00000000   Number         0  ceil.o ABSOLUTE
    ../mathlib/cos_i.c                       0x00000000   Number         0  cos_i.o ABSOLUTE
    ../mathlib/dunder.c                      0x00000000   Number         0  dunder.o ABSOLUTE
    ../mathlib/fabs.c                        0x00000000   Number         0  fabs.o ABSOLUTE
    ../mathlib/fmax.c                        0x00000000   Number         0  fmax.o ABSOLUTE
    ../mathlib/fmax.c                        0x00000000   Number         0  fmin.o ABSOLUTE
    ../mathlib/fmod.c                        0x00000000   Number         0  fmod.o ABSOLUTE
    ../mathlib/fmod.c                        0x00000000   Number         0  fmod_x.o ABSOLUTE
    ../mathlib/fpclassify.c                  0x00000000   Number         0  fpclassify.o ABSOLUTE
    ../mathlib/poly.c                        0x00000000   Number         0  poly.o ABSOLUTE
    ../mathlib/round.c                       0x00000000   Number         0  round.o ABSOLUTE
    ../mathlib/rred.c                        0x00000000   Number         0  rred.o ABSOLUTE
    ../mathlib/sin.c                         0x00000000   Number         0  sin_x.o ABSOLUTE
    ../mathlib/sin.c                         0x00000000   Number         0  sin.o ABSOLUTE
    ../mathlib/sin_i.c                       0x00000000   Number         0  sin_i.o ABSOLUTE
    ../mathlib/sin_i.c                       0x00000000   Number         0  sin_i_x.o ABSOLUTE
    ..\BSP\AD5260.c                          0x00000000   Number         0  ad5260.o ABSOLUTE
    ..\BSP\ChannelGain.c                     0x00000000   Number         0  channelgain.o ABSOLUTE
    ..\BSP\DAC80004.c                        0x00000000   Number         0  dac80004.o ABSOLUTE
    ..\BSP\DDS_DAC80004.c                    0x00000000   Number         0  dds_dac80004.o ABSOLUTE
    ..\BSP\Echem_stim.c                      0x00000000   Number         0  echem_stim.o ABSOLUTE
    ..\BSP\LED.c                             0x00000000   Number         0  led.o ABSOLUTE
    ..\BSP\Serial.c                          0x00000000   Number         0  serial.o ABSOLUTE
    ..\BSP\Serial_Process.c                  0x00000000   Number         0  serial_process.o ABSOLUTE
    ..\Core\Src\adc.c                        0x00000000   Number         0  adc.o ABSOLUTE
    ..\Core\Src\dma.c                        0x00000000   Number         0  dma.o ABSOLUTE
    ..\Core\Src\gpio.c                       0x00000000   Number         0  gpio.o ABSOLUTE
    ..\Core\Src\main.c                       0x00000000   Number         0  main.o ABSOLUTE
    ..\Core\Src\main_init.c                  0x00000000   Number         0  main_init.o ABSOLUTE
    ..\Core\Src\spi.c                        0x00000000   Number         0  spi.o ABSOLUTE
    ..\Core\Src\stm32f4xx_hal_msp.c          0x00000000   Number         0  stm32f4xx_hal_msp.o ABSOLUTE
    ..\Core\Src\stm32f4xx_it.c               0x00000000   Number         0  stm32f4xx_it.o ABSOLUTE
    ..\Core\Src\system_stm32f4xx.c           0x00000000   Number         0  system_stm32f4xx.o ABSOLUTE
    ..\Core\Src\tim.c                        0x00000000   Number         0  tim.o ABSOLUTE
    ..\Core\Src\usart.c                      0x00000000   Number         0  usart.o ABSOLUTE
    ..\Drivers\STM32F4xx_HAL_Driver\Src\stm32f4xx_hal.c 0x00000000   Number         0  stm32f4xx_hal.o ABSOLUTE
    ..\Drivers\STM32F4xx_HAL_Driver\Src\stm32f4xx_hal_cortex.c 0x00000000   Number         0  stm32f4xx_hal_cortex.o ABSOLUTE
    ..\Drivers\STM32F4xx_HAL_Driver\Src\stm32f4xx_ll_adc.c 0x00000000   Number         0  stm32f4xx_ll_adc.o ABSOLUTE
    ..\Drivers\STM32F4xx_HAL_Driver\Src\stm32f4xx_ll_dma.c 0x00000000   Number         0  stm32f4xx_ll_dma.o ABSOLUTE
    ..\Drivers\STM32F4xx_HAL_Driver\Src\stm32f4xx_ll_exti.c 0x00000000   Number         0  stm32f4xx_ll_exti.o ABSOLUTE
    ..\Drivers\STM32F4xx_HAL_Driver\Src\stm32f4xx_ll_gpio.c 0x00000000   Number         0  stm32f4xx_ll_gpio.o ABSOLUTE
    ..\Drivers\STM32F4xx_HAL_Driver\Src\stm32f4xx_ll_rcc.c 0x00000000   Number         0  stm32f4xx_ll_rcc.o ABSOLUTE
    ..\Drivers\STM32F4xx_HAL_Driver\Src\stm32f4xx_ll_spi.c 0x00000000   Number         0  stm32f4xx_ll_spi.o ABSOLUTE
    ..\Drivers\STM32F4xx_HAL_Driver\Src\stm32f4xx_ll_tim.c 0x00000000   Number         0  stm32f4xx_ll_tim.o ABSOLUTE
    ..\Drivers\STM32F4xx_HAL_Driver\Src\stm32f4xx_ll_usart.c 0x00000000   Number         0  stm32f4xx_ll_usart.o ABSOLUTE
    ..\Drivers\STM32F4xx_HAL_Driver\Src\stm32f4xx_ll_utils.c 0x00000000   Number         0  stm32f4xx_ll_utils.o ABSOLUTE
    ..\\BSP\\AD5260.c                        0x00000000   Number         0  ad5260.o ABSOLUTE
    ..\\BSP\\ChannelGain.c                   0x00000000   Number         0  channelgain.o ABSOLUTE
    ..\\BSP\\DAC80004.c                      0x00000000   Number         0  dac80004.o ABSOLUTE
    ..\\BSP\\DDS_DAC80004.c                  0x00000000   Number         0  dds_dac80004.o ABSOLUTE
    ..\\BSP\\Echem_stim.c                    0x00000000   Number         0  echem_stim.o ABSOLUTE
    ..\\BSP\\LED.c                           0x00000000   Number         0  led.o ABSOLUTE
    ..\\BSP\\Serial.c                        0x00000000   Number         0  serial.o ABSOLUTE
    ..\\BSP\\Serial_Process.c                0x00000000   Number         0  serial_process.o ABSOLUTE
    ..\\Core\\Src\\adc.c                     0x00000000   Number         0  adc.o ABSOLUTE
    ..\\Core\\Src\\main_init.c               0x00000000   Number         0  main_init.o ABSOLUTE
    ..\\Core\\Src\\stm32f4xx_hal_msp.c       0x00000000   Number         0  stm32f4xx_hal_msp.o ABSOLUTE
    ..\\Core\\Src\\tim.c                     0x00000000   Number         0  tim.o ABSOLUTE
    ..\\Core\\Src\\usart.c                   0x00000000   Number         0  usart.o ABSOLUTE
    ..\\Drivers\\STM32F4xx_HAL_Driver\\Src\\stm32f4xx_hal.c 0x00000000   Number         0  stm32f4xx_hal.o ABSOLUTE
    ..\\Drivers\\STM32F4xx_HAL_Driver\\Src\\stm32f4xx_hal_cortex.c 0x00000000   Number         0  stm32f4xx_hal_cortex.o ABSOLUTE
    ..\\Drivers\\STM32F4xx_HAL_Driver\\Src\\stm32f4xx_ll_adc.c 0x00000000   Number         0  stm32f4xx_ll_adc.o ABSOLUTE
    ..\\Drivers\\STM32F4xx_HAL_Driver\\Src\\stm32f4xx_ll_tim.c 0x00000000   Number         0  stm32f4xx_ll_tim.o ABSOLUTE
    ..\\Drivers\\STM32F4xx_HAL_Driver\\Src\\stm32f4xx_ll_usart.c 0x00000000   Number         0  stm32f4xx_ll_usart.o ABSOLUTE
    cdcmple.s                                0x00000000   Number         0  cdcmple.o ABSOLUTE
    cdrcmple.s                               0x00000000   Number         0  cdrcmple.o ABSOLUTE
    dc.s                                     0x00000000   Number         0  dc.o ABSOLUTE
    handlers.s                               0x00000000   Number         0  handlers.o ABSOLUTE
    init.s                                   0x00000000   Number         0  init.o ABSOLUTE
    startup_stm32f411xe.s                    0x00000000   Number         0  startup_stm32f411xe.o ABSOLUTE
    RESET                                    0x08000000   Section      408  startup_stm32f411xe.o(RESET)
    .ARM.Collect$$$$00000000                 0x08000198   Section        0  entry.o(.ARM.Collect$$$$00000000)
    .ARM.Collect$$$$00000001                 0x08000198   Section        4  entry2.o(.ARM.Collect$$$$00000001)
    .ARM.Collect$$$$00000004                 0x0800019c   Section        4  entry5.o(.ARM.Collect$$$$00000004)
    .ARM.Collect$$$$00000008                 0x080001a0   Section        0  entry7b.o(.ARM.Collect$$$$00000008)
    .ARM.Collect$$$$0000000A                 0x080001a0   Section        0  entry8b.o(.ARM.Collect$$$$0000000A)
    .ARM.Collect$$$$0000000B                 0x080001a0   Section        8  entry9a.o(.ARM.Collect$$$$0000000B)
    .ARM.Collect$$$$0000000E                 0x080001a8   Section        4  entry12b.o(.ARM.Collect$$$$0000000E)
    .ARM.Collect$$$$0000000F                 0x080001ac   Section        0  entry10a.o(.ARM.Collect$$$$0000000F)
    .ARM.Collect$$$$00000011                 0x080001ac   Section        0  entry11a.o(.ARM.Collect$$$$00000011)
    .ARM.Collect$$$$00002712                 0x080001ac   Section        4  entry2.o(.ARM.Collect$$$$00002712)
    __lit__00000000                          0x080001ac   Data           4  entry2.o(.ARM.Collect$$$$00002712)
    .text                                    0x080001b0   Section       36  startup_stm32f411xe.o(.text)
    $v0                                      0x080001b0   Number         0  startup_stm32f411xe.o(.text)
    .text                                    0x080001d4   Section        0  uldiv.o(.text)
    .text                                    0x08000236   Section        0  memcpya.o(.text)
    .text                                    0x0800025a   Section        0  memseta.o(.text)
    .text                                    0x0800027e   Section        0  dadd.o(.text)
    .text                                    0x080003cc   Section        0  dmul.o(.text)
    .text                                    0x080004b0   Section        0  ddiv.o(.text)
    .text                                    0x0800058e   Section        0  dfltui.o(.text)
    .text                                    0x080005a8   Section        0  dfixui.o(.text)
    .text                                    0x080005dc   Section       48  cdcmple.o(.text)
    .text                                    0x0800060c   Section       48  cdrcmple.o(.text)
    .text                                    0x0800063c   Section        0  llshl.o(.text)
    .text                                    0x0800065a   Section        0  llushr.o(.text)
    .text                                    0x0800067a   Section        0  llsshr.o(.text)
    .text                                    0x0800069e   Section        0  iusefp.o(.text)
    .text                                    0x0800069e   Section        0  depilogue.o(.text)
    .text                                    0x08000758   Section        0  drnd.o(.text)
    .text                                    0x080007e0   Section        0  drem.o(.text)
    .text                                    0x08000866   Section        0  dcmp4.o(.text)
    .text                                    0x080008c8   Section       36  init.o(.text)
    .text                                    0x080008ec   Section        0  __dczerorl2.o(.text)
    i.BusFault_Handler                       0x08000942   Section        0  stm32f4xx_it.o(i.BusFault_Handler)
    i.CA_DDS_Start_Precise                   0x08000944   Section        0  echem_stim.o(i.CA_DDS_Start_Precise)
    i.CA_Fill_Next_Buffer                    0x08000ea4   Section        0  echem_stim.o(i.CA_Fill_Next_Buffer)
    i.CA_NeedFillBuffer                      0x08000f14   Section        0  echem_stim.o(i.CA_NeedFillBuffer)
    i.CA_PingPong_DMA2_Stream4_IRQHandler    0x08000f30   Section        0  echem_stim.o(i.CA_PingPong_DMA2_Stream4_IRQHandler)
    i.CA_PingPong_DMA2_Stream5_IRQHandler    0x08001038   Section        0  echem_stim.o(i.CA_PingPong_DMA2_Stream5_IRQHandler)
    i.CLR                                    0x08001134   Section        0  dac80004.o(i.CLR)
    i.CS                                     0x08001142   Section        0  dac80004.o(i.CS)
    i.CV_DDS_Start_Precise                   0x08001150   Section        0  echem_stim.o(i.CV_DDS_Start_Precise)
    i.CV_Fill_Next_Buffer                    0x080017b4   Section        0  echem_stim.o(i.CV_Fill_Next_Buffer)
    i.CV_NeedFillBuffer                      0x08001820   Section        0  echem_stim.o(i.CV_NeedFillBuffer)
    i.CV_PingPong_DMA2_Stream4_IRQHandler    0x0800184c   Section        0  echem_stim.o(i.CV_PingPong_DMA2_Stream4_IRQHandler)
    i.CV_PingPong_DMA2_Stream5_IRQHandler    0x08001954   Section        0  echem_stim.o(i.CV_PingPong_DMA2_Stream5_IRQHandler)
    i.ChannelGain_GPIO_Init                  0x08001a50   Section        0  channelgain.o(i.ChannelGain_GPIO_Init)
    i.ChannelGain_Init                       0x08001b14   Section        0  channelgain.o(i.ChannelGain_Init)
    i.DAC80004_Channel_Config                0x08001b18   Section        0  dac80004.o(i.DAC80004_Channel_Config)
    i.DAC80004_Command_Config                0x08001b28   Section        0  dac80004.o(i.DAC80004_Command_Config)
    i.DAC80004_Data_Set                      0x08001b38   Section        0  dac80004.o(i.DAC80004_Data_Set)
    i.DAC80004_GPIO_init                     0x08001b4c   Section        0  dac80004.o(i.DAC80004_GPIO_init)
    i.DAC80004_Init                          0x08001bac   Section        0  dac80004.o(i.DAC80004_Init)
    i.DAC80004_Mode_Config                   0x08001c06   Section        0  dac80004.o(i.DAC80004_Mode_Config)
    i.DAC80004_WR_Config                     0x08001c14   Section        0  dac80004.o(i.DAC80004_WR_Config)
    i.DAC80004_WriteData                     0x08001c24   Section        0  dac80004.o(i.DAC80004_WriteData)
    i.DMA2_Stream2_IRQHandler                0x08001c50   Section        0  stm32f4xx_it.o(i.DMA2_Stream2_IRQHandler)
    i.DMA2_Stream3_IRQHandler                0x08001c54   Section        0  spi.o(i.DMA2_Stream3_IRQHandler)
    i.DMA2_Stream4_IRQHandler                0x08001c88   Section        0  echem_stim.o(i.DMA2_Stream4_IRQHandler)
    i.DMA2_Stream5_IRQHandler                0x08001cb4   Section        0  echem_stim.o(i.DMA2_Stream5_IRQHandler)
    i.DPV_DDS_Start_Precise                  0x08001ce0   Section        0  echem_stim.o(i.DPV_DDS_Start_Precise)
    i.DPV_Fill_Next_Buffer                   0x08002400   Section        0  echem_stim.o(i.DPV_Fill_Next_Buffer)
    i.DPV_NeedFillBuffer                     0x0800246c   Section        0  echem_stim.o(i.DPV_NeedFillBuffer)
    i.DPV_PingPong_DMA2_Stream4_IRQHandler   0x08002488   Section        0  echem_stim.o(i.DPV_PingPong_DMA2_Stream4_IRQHandler)
    i.DPV_PingPong_DMA2_Stream5_IRQHandler   0x08002590   Section        0  echem_stim.o(i.DPV_PingPong_DMA2_Stream5_IRQHandler)
    i.DebugMon_Handler                       0x0800268c   Section        0  stm32f4xx_it.o(i.DebugMon_Handler)
    i.Echem_stim_Init                        0x0800268e   Section        0  echem_stim.o(i.Echem_stim_Init)
    i.Feedback1_Select                       0x080026a4   Section        0  channelgain.o(i.Feedback1_Select)
    i.Feedback2_Select                       0x080026bc   Section        0  channelgain.o(i.Feedback2_Select)
    i.Feedback3_Select                       0x080026d4   Section        0  channelgain.o(i.Feedback3_Select)
    i.Feedback4_Select                       0x080026ec   Section        0  channelgain.o(i.Feedback4_Select)
    i.GPIOC_Group1_Init                      0x08002704   Section        0  gpio.o(i.GPIOC_Group1_Init)
    i.Generate_CA_Data_Partial               0x0800273c   Section        0  echem_stim.o(i.Generate_CA_Data_Partial)
    Generate_CA_Data_Partial                 0x0800273d   Thumb Code   132  echem_stim.o(i.Generate_CA_Data_Partial)
    i.Generate_CV_Data_Partial               0x080027d4   Section        0  echem_stim.o(i.Generate_CV_Data_Partial)
    Generate_CV_Data_Partial                 0x080027d5   Thumb Code   454  echem_stim.o(i.Generate_CV_Data_Partial)
    i.Generate_DPV_Data_Partial              0x080029b8   Section        0  echem_stim.o(i.Generate_DPV_Data_Partial)
    Generate_DPV_Data_Partial                0x080029b9   Thumb Code   290  echem_stim.o(i.Generate_DPV_Data_Partial)
    i.HAL_GetTick                            0x08002b00   Section        0  stm32f4xx_hal.o(i.HAL_GetTick)
    i.HardFault_Handler                      0x08002b0c   Section        0  stm32f4xx_it.o(i.HardFault_Handler)
    i.IV_Gain_Set                            0x08002b10   Section        0  channelgain.o(i.IV_Gain_Set)
    i.LDAC                                   0x08002b30   Section        0  dac80004.o(i.LDAC)
    i.LED_Init                               0x08002b3e   Section        0  led.o(i.LED_Init)
    i.LED_OFF                                0x08002b44   Section        0  led.o(i.LED_OFF)
    i.LED_ON                                 0x08002b54   Section        0  led.o(i.LED_ON)
    i.LL_AHB1_GRP1_EnableClock               0x08002b64   Section        0  gpio.o(i.LL_AHB1_GRP1_EnableClock)
    LL_AHB1_GRP1_EnableClock                 0x08002b65   Thumb Code    18  gpio.o(i.LL_AHB1_GRP1_EnableClock)
    i.LL_AHB1_GRP1_EnableClock               0x08002b7c   Section        0  spi.o(i.LL_AHB1_GRP1_EnableClock)
    LL_AHB1_GRP1_EnableClock                 0x08002b7d   Thumb Code    18  spi.o(i.LL_AHB1_GRP1_EnableClock)
    i.LL_AHB1_GRP1_EnableClock               0x08002b94   Section        0  tim.o(i.LL_AHB1_GRP1_EnableClock)
    LL_AHB1_GRP1_EnableClock                 0x08002b95   Thumb Code    18  tim.o(i.LL_AHB1_GRP1_EnableClock)
    i.LL_AHB1_GRP1_EnableClock               0x08002bac   Section        0  channelgain.o(i.LL_AHB1_GRP1_EnableClock)
    LL_AHB1_GRP1_EnableClock                 0x08002bad   Thumb Code    18  channelgain.o(i.LL_AHB1_GRP1_EnableClock)
    i.LL_DMA_DisableFifoMode                 0x08002bc4   Section        0  tim.o(i.LL_DMA_DisableFifoMode)
    LL_DMA_DisableFifoMode                   0x08002bc5   Thumb Code    16  tim.o(i.LL_DMA_DisableFifoMode)
    i.LL_DMA_DisableIT_TC                    0x08002bd8   Section        0  echem_stim.o(i.LL_DMA_DisableIT_TC)
    LL_DMA_DisableIT_TC                      0x08002bd9   Thumb Code    14  echem_stim.o(i.LL_DMA_DisableIT_TC)
    i.LL_DMA_DisableIT_TE                    0x08002bec   Section        0  echem_stim.o(i.LL_DMA_DisableIT_TE)
    LL_DMA_DisableIT_TE                      0x08002bed   Thumb Code    14  echem_stim.o(i.LL_DMA_DisableIT_TE)
    i.LL_DMA_DisableStream                   0x08002c00   Section        0  echem_stim.o(i.LL_DMA_DisableStream)
    LL_DMA_DisableStream                     0x08002c01   Thumb Code    14  echem_stim.o(i.LL_DMA_DisableStream)
    i.LL_DMA_EnableIT_TC                     0x08002c14   Section        0  echem_stim.o(i.LL_DMA_EnableIT_TC)
    LL_DMA_EnableIT_TC                       0x08002c15   Thumb Code    14  echem_stim.o(i.LL_DMA_EnableIT_TC)
    i.LL_DMA_EnableIT_TE                     0x08002c28   Section        0  echem_stim.o(i.LL_DMA_EnableIT_TE)
    LL_DMA_EnableIT_TE                       0x08002c29   Thumb Code    14  echem_stim.o(i.LL_DMA_EnableIT_TE)
    i.LL_DMA_EnableStream                    0x08002c3c   Section        0  echem_stim.o(i.LL_DMA_EnableStream)
    LL_DMA_EnableStream                      0x08002c3d   Thumb Code    14  echem_stim.o(i.LL_DMA_EnableStream)
    i.LL_DMA_IsEnabledStream                 0x08002c50   Section        0  echem_stim.o(i.LL_DMA_IsEnabledStream)
    LL_DMA_IsEnabledStream                   0x08002c51   Thumb Code    12  echem_stim.o(i.LL_DMA_IsEnabledStream)
    i.LL_DMA_SetChannelSelection             0x08002c60   Section        0  tim.o(i.LL_DMA_SetChannelSelection)
    LL_DMA_SetChannelSelection               0x08002c61   Thumb Code    16  tim.o(i.LL_DMA_SetChannelSelection)
    i.LL_DMA_SetDataLength                   0x08002c74   Section        0  echem_stim.o(i.LL_DMA_SetDataLength)
    LL_DMA_SetDataLength                     0x08002c75   Thumb Code    18  echem_stim.o(i.LL_DMA_SetDataLength)
    i.LL_DMA_SetDataTransferDirection        0x08002c8c   Section        0  tim.o(i.LL_DMA_SetDataTransferDirection)
    LL_DMA_SetDataTransferDirection          0x08002c8d   Thumb Code    16  tim.o(i.LL_DMA_SetDataTransferDirection)
    i.LL_DMA_SetMemoryAddress                0x08002ca0   Section        0  echem_stim.o(i.LL_DMA_SetMemoryAddress)
    LL_DMA_SetMemoryAddress                  0x08002ca1   Thumb Code    10  echem_stim.o(i.LL_DMA_SetMemoryAddress)
    i.LL_DMA_SetMemoryIncMode                0x08002cb0   Section        0  tim.o(i.LL_DMA_SetMemoryIncMode)
    LL_DMA_SetMemoryIncMode                  0x08002cb1   Thumb Code    16  tim.o(i.LL_DMA_SetMemoryIncMode)
    i.LL_DMA_SetMemorySize                   0x08002cc4   Section        0  tim.o(i.LL_DMA_SetMemorySize)
    LL_DMA_SetMemorySize                     0x08002cc5   Thumb Code    16  tim.o(i.LL_DMA_SetMemorySize)
    i.LL_DMA_SetMode                         0x08002cd8   Section        0  tim.o(i.LL_DMA_SetMode)
    LL_DMA_SetMode                           0x08002cd9   Thumb Code    16  tim.o(i.LL_DMA_SetMode)
    i.LL_DMA_SetMode                         0x08002cec   Section        0  echem_stim.o(i.LL_DMA_SetMode)
    LL_DMA_SetMode                           0x08002ced   Thumb Code    16  echem_stim.o(i.LL_DMA_SetMode)
    i.LL_DMA_SetPeriphIncMode                0x08002d00   Section        0  tim.o(i.LL_DMA_SetPeriphIncMode)
    LL_DMA_SetPeriphIncMode                  0x08002d01   Thumb Code    16  tim.o(i.LL_DMA_SetPeriphIncMode)
    i.LL_DMA_SetPeriphSize                   0x08002d14   Section        0  tim.o(i.LL_DMA_SetPeriphSize)
    LL_DMA_SetPeriphSize                     0x08002d15   Thumb Code    16  tim.o(i.LL_DMA_SetPeriphSize)
    i.LL_DMA_SetStreamPriorityLevel          0x08002d28   Section        0  tim.o(i.LL_DMA_SetStreamPriorityLevel)
    LL_DMA_SetStreamPriorityLevel            0x08002d29   Thumb Code    16  tim.o(i.LL_DMA_SetStreamPriorityLevel)
    i.LL_GPIO_Init                           0x08002d3c   Section        0  stm32f4xx_ll_gpio.o(i.LL_GPIO_Init)
    i.LL_Init1msTick                         0x08002e72   Section        0  stm32f4xx_ll_utils.o(i.LL_Init1msTick)
    i.LL_RCC_GetSystemClocksFreq             0x08002e8c   Section        0  stm32f4xx_ll_rcc.o(i.LL_RCC_GetSystemClocksFreq)
    i.LL_SPI_Init                            0x08002eac   Section        0  stm32f4xx_ll_spi.o(i.LL_SPI_Init)
    i.LL_SetSystemCoreClock                  0x08002f10   Section        0  stm32f4xx_ll_utils.o(i.LL_SetSystemCoreClock)
    i.LL_TIM_BDTR_Init                       0x08002f1c   Section        0  stm32f4xx_ll_tim.o(i.LL_TIM_BDTR_Init)
    i.LL_TIM_Init                            0x08002f50   Section        0  stm32f4xx_ll_tim.o(i.LL_TIM_Init)
    i.LL_TIM_OC_DisableFast                  0x08002fe8   Section        0  tim.o(i.LL_TIM_OC_DisableFast)
    LL_TIM_OC_DisableFast                    0x08002fe9   Thumb Code    80  tim.o(i.LL_TIM_OC_DisableFast)
    i.LL_TIM_OC_EnablePreload                0x0800303c   Section        0  tim.o(i.LL_TIM_OC_EnablePreload)
    LL_TIM_OC_EnablePreload                  0x0800303d   Thumb Code    80  tim.o(i.LL_TIM_OC_EnablePreload)
    i.LL_TIM_OC_Init                         0x08003090   Section        0  stm32f4xx_ll_tim.o(i.LL_TIM_OC_Init)
    i.LL_USART_Init                          0x0800321c   Section        0  stm32f4xx_ll_usart.o(i.LL_USART_Init)
    i.LL_USART_SetBaudRate                   0x080032a0   Section        0  stm32f4xx_ll_usart.o(i.LL_USART_SetBaudRate)
    LL_USART_SetBaudRate                     0x080032a1   Thumb Code   176  stm32f4xx_ll_usart.o(i.LL_USART_SetBaudRate)
    i.LL_mDelay                              0x08003350   Section        0  stm32f4xx_ll_utils.o(i.LL_mDelay)
    i.MX_DMA_Init                            0x08003370   Section        0  dma.o(i.MX_DMA_Init)
    i.MemManage_Handler                      0x080033cc   Section        0  stm32f4xx_it.o(i.MemManage_Handler)
    i.NMI_Handler                            0x080033ce   Section        0  stm32f4xx_it.o(i.NMI_Handler)
    i.NVIC_EncodePriority                    0x080033d0   Section        0  dma.o(i.NVIC_EncodePriority)
    NVIC_EncodePriority                      0x080033d1   Thumb Code    50  dma.o(i.NVIC_EncodePriority)
    i.PendSV_Handler                         0x08003402   Section        0  stm32f4xx_it.o(i.PendSV_Handler)
    i.PingPong_DMA_GetProgress               0x08003404   Section        0  echem_stim.o(i.PingPong_DMA_GetProgress)
    i.PingPong_DMA_IsComplete                0x0800343c   Section        0  echem_stim.o(i.PingPong_DMA_IsComplete)
    i.PingPong_DMA_Stop                      0x08003458   Section        0  echem_stim.o(i.PingPong_DMA_Stop)
    i.RCC_GetHCLKClockFreq                   0x08003518   Section        0  stm32f4xx_ll_rcc.o(i.RCC_GetHCLKClockFreq)
    i.RCC_GetPCLK1ClockFreq                  0x08003534   Section        0  stm32f4xx_ll_rcc.o(i.RCC_GetPCLK1ClockFreq)
    i.RCC_GetPCLK2ClockFreq                  0x08003550   Section        0  stm32f4xx_ll_rcc.o(i.RCC_GetPCLK2ClockFreq)
    i.RCC_GetSystemClockFreq                 0x0800356c   Section        0  stm32f4xx_ll_rcc.o(i.RCC_GetSystemClockFreq)
    i.RCC_PLL_GetFreqDomain_SYS              0x08003598   Section        0  stm32f4xx_ll_rcc.o(i.RCC_PLL_GetFreqDomain_SYS)
    i.SPI1_Init                              0x080035e8   Section        0  spi.o(i.SPI1_Init)
    i.SPI1_Transmit16_Time                   0x0800367c   Section        0  spi.o(i.SPI1_Transmit16_Time)
    i.SVC_Handler                            0x080036dc   Section        0  stm32f4xx_it.o(i.SVC_Handler)
    i.SYNC_Cycle_Init                        0x080036de   Section        0  dds_dac80004.o(i.SYNC_Cycle_Init)
    i.SYNC_Cycle_SetPara                     0x080036e2   Section        0  dds_dac80004.o(i.SYNC_Cycle_SetPara)
    i.SYNC_Cycle_Start                       0x080036e6   Section        0  dds_dac80004.o(i.SYNC_Cycle_Start)
    i.SYNC_Cycle_Stop                        0x080036ea   Section        0  dds_dac80004.o(i.SYNC_Cycle_Stop)
    i.Serial_CA_CreateWave                   0x080036f0   Section        0  serial_process.o(i.Serial_CA_CreateWave)
    i.Serial_CV_CreateWave                   0x080037dc   Section        0  serial_process.o(i.Serial_CV_CreateWave)
    i.Serial_CommandTask                     0x080038d0   Section        0  serial_process.o(i.Serial_CommandTask)
    i.Serial_DPV_CreateWave                  0x080038f4   Section        0  serial_process.o(i.Serial_DPV_CreateWave)
    i.Serial_GetRxCommand                    0x080039e0   Section        0  serial.o(i.Serial_GetRxCommand)
    i.Serial_GetRxData                       0x080039ec   Section        0  serial.o(i.Serial_GetRxData)
    i.Serial_GetRxFlag                       0x08003a28   Section        0  serial.o(i.Serial_GetRxFlag)
    i.Serial_Process                         0x08003a44   Section        0  serial_process.o(i.Serial_Process)
    i.Serial_ResetRxState                    0x08003a78   Section        0  serial.o(i.Serial_ResetRxState)
    Serial_ResetRxState                      0x08003a79   Thumb Code    20  serial.o(i.Serial_ResetRxState)
    i.SysTick_Handler                        0x08003a90   Section        0  stm32f4xx_it.o(i.SysTick_Handler)
    i.SystemClock_Config                     0x08003a94   Section        0  main.o(i.SystemClock_Config)
    i.SystemInit                             0x08003b6c   Section        0  system_stm32f4xx.o(i.SystemInit)
    i.System_GPIO_Init                       0x08003b7c   Section        0  gpio.o(i.System_GPIO_Init)
    i.TIM1_DMA_SPI1_Init                     0x08003b98   Section        0  tim.o(i.TIM1_DMA_SPI1_Init)
    i.TIM3_ApplyPWMConfig                    0x08003d8c   Section        0  tim.o(i.TIM3_ApplyPWMConfig)
    i.TIM3_PWM_Init                          0x08003e60   Section        0  tim.o(i.TIM3_PWM_Init)
    i.TIM3_PWM_Start                         0x08003f30   Section        0  tim.o(i.TIM3_PWM_Start)
    i.TIM3_PWM_Stop                          0x08003f40   Section        0  tim.o(i.TIM3_PWM_Stop)
    i.TIM_ApplyFreqConfig_DualDMA            0x08003f60   Section        0  tim.o(i.TIM_ApplyFreqConfig_DualDMA)
    i.TIM_CalculateFreqDivision_Precise      0x08004020   Section        0  tim.o(i.TIM_CalculateFreqDivision_Precise)
    i.USART1_IRQHandler                      0x080041d0   Section        0  serial.o(i.USART1_IRQHandler)
    i.USART1_IRQ_Task                        0x080041d4   Section        0  serial.o(i.USART1_IRQ_Task)
    i.USART1_Init                            0x0800429c   Section        0  usart.o(i.USART1_Init)
    i.UsageFault_Handler                     0x08004384   Section        0  stm32f4xx_it.o(i.UsageFault_Handler)
    i.Voltage_Gain_Stage1_Set                0x08004388   Section        0  channelgain.o(i.Voltage_Gain_Stage1_Set)
    i.Voltage_Gain_Stage2_Set                0x080043a0   Section        0  channelgain.o(i.Voltage_Gain_Stage2_Set)
    i.WE_Channel_Select                      0x080043c0   Section        0  channelgain.o(i.WE_Channel_Select)
    i.__NVIC_EnableIRQ                       0x080043e0   Section        0  dma.o(i.__NVIC_EnableIRQ)
    __NVIC_EnableIRQ                         0x080043e1   Thumb Code    26  dma.o(i.__NVIC_EnableIRQ)
    i.__NVIC_EnableIRQ                       0x080043fa   Section        0  echem_stim.o(i.__NVIC_EnableIRQ)
    __NVIC_EnableIRQ                         0x080043fb   Thumb Code    26  echem_stim.o(i.__NVIC_EnableIRQ)
    i.__NVIC_SetPriority                     0x08004414   Section        0  dma.o(i.__NVIC_SetPriority)
    __NVIC_SetPriority                       0x08004415   Thumb Code    32  dma.o(i.__NVIC_SetPriority)
    i.__hardfp_ceil                          0x08004438   Section        0  ceil.o(i.__hardfp_ceil)
    i.__hardfp_fabs                          0x08004550   Section        0  fabs.o(i.__hardfp_fabs)
    i.__hardfp_fmax                          0x08004564   Section        0  fmax.o(i.__hardfp_fmax)
    i.__hardfp_fmin                          0x080045d8   Section        0  fmin.o(i.__hardfp_fmin)
    i.__hardfp_fmod                          0x0800464c   Section        0  fmod.o(i.__hardfp_fmod)
    i.__hardfp_round                         0x08004750   Section        0  round.o(i.__hardfp_round)
    i.__mathlib_dbl_invalid                  0x08004830   Section        0  dunder.o(i.__mathlib_dbl_invalid)
    i.__scatterload_copy                     0x08004850   Section       14  handlers.o(i.__scatterload_copy)
    i.__scatterload_null                     0x0800485e   Section        2  handlers.o(i.__scatterload_null)
    i.__scatterload_zeroinit                 0x08004860   Section       14  handlers.o(i.__scatterload_zeroinit)
    i.__set_errno                            0x08004870   Section        0  errno.o(i.__set_errno)
    i.gcd_double                             0x0800487c   Section        0  echem_stim.o(i.gcd_double)
    gcd_double                               0x0800487d   Thumb Code   260  echem_stim.o(i.gcd_double)
    i.main                                   0x08004998   Section        0  main.o(i.main)
    .constdata                               0x08004a48   Section        8  spi.o(.constdata)
    STREAM_OFFSET_TAB                        0x08004a48   Data           8  spi.o(.constdata)
    .constdata                               0x08004a50   Section       22  tim.o(.constdata)
    OFFSET_TAB_CCMRx                         0x08004a50   Data           7  tim.o(.constdata)
    SHIFT_TAB_OCxx                           0x08004a57   Data           7  tim.o(.constdata)
    STREAM_OFFSET_TAB                        0x08004a5e   Data           8  tim.o(.constdata)
    .constdata                               0x08004a66   Section       16  system_stm32f4xx.o(.constdata)
    .constdata                               0x08004a76   Section        8  system_stm32f4xx.o(.constdata)
    .constdata                               0x08004a7e   Section        8  echem_stim.o(.constdata)
    STREAM_OFFSET_TAB                        0x08004a7e   Data           8  echem_stim.o(.constdata)
    .constdata                               0x08004a88   Section      264  serial_process.o(.constdata)
    .data                                    0x20000000   Section        1  spi.o(.data)
    .data                                    0x20000004   Section       24  main_init.o(.data)
    .data                                    0x2000001c   Section       16  main_init.o(.data)
    .data                                    0x20000030   Section       32  main_init.o(.data)
    .data                                    0x20000050   Section       12  stm32f4xx_hal.o(.data)
    .data                                    0x2000005c   Section        4  system_stm32f4xx.o(.data)
    .data                                    0x20000060   Section       28  echem_stim.o(.data)
    g_dac_module                             0x20000060   Data           4  echem_stim.o(.data)
    g_progress_callback                      0x20000064   Data           4  echem_stim.o(.data)
    g_error_callback                         0x20000068   Data           4  echem_stim.o(.data)
    g_cv_wave_high_data1                     0x2000006c   Data           4  echem_stim.o(.data)
    g_cv_wave_high_data2                     0x20000070   Data           4  echem_stim.o(.data)
    g_cv_wave_low_data1                      0x20000074   Data           4  echem_stim.o(.data)
    g_cv_wave_low_data2                      0x20000078   Data           4  echem_stim.o(.data)
    .data                                    0x20000080   Section      176  serial.o(.data)
    g_serial_rx_packet                       0x20000080   Data         176  serial.o(.data)
    .data                                    0x20000130   Section        1  serial_process.o(.data)
    .data                                    0x20000134   Section        4  errno.o(.data)
    _errno                                   0x20000134   Data           4  errno.o(.data)
    .bss                                     0x20000138   Section    65536  main_init.o(.bss)
    .bss                                     0x20010138   Section      360  echem_stim.o(.bss)
    g_cv_params                              0x20010198   Data          88  echem_stim.o(.bss)
    g_dpv_params                             0x200101f0   Data          88  echem_stim.o(.bss)
    g_ca_params                              0x20010248   Data          88  echem_stim.o(.bss)
    .bss                                     0x200102a0   Section       80  serial_process.o(.bss)
    STACK                                    0x200102f0   Section     1024  startup_stm32f411xe.o(STACK)

    Global Symbols

    Symbol Name                              Value     Ov Type        Size  Object(Section)

    BuildAttributes$$THM_ISAv4$E$P$D$K$B$S$7EM$VFPi3$EXTD16$VFPS$VFMA$PE$A:L22UL41UL21$X:L11$S22US41US21$IEEE1$IW$USESV6$~STKCKD$USESV7$~SHL$OTIME$ROPI$IEEEX$EBA8$MICROLIB$REQ8$PRES8$EABIv2 0x00000000   Number         0  anon$$obj.o ABSOLUTE
    __ARM_use_no_argv                        0x00000000   Number         0  main.o ABSOLUTE
    __arm_fini_                               - Undefined Weak Reference
    __cpp_initialize__aeabi_                  - Undefined Weak Reference
    __cxa_finalize                            - Undefined Weak Reference
    _clock_init                               - Undefined Weak Reference
    _microlib_exit                            - Undefined Weak Reference
    __Vectors_Size                           0x00000198   Number         0  startup_stm32f411xe.o ABSOLUTE
    __Vectors                                0x08000000   Data           4  startup_stm32f411xe.o(RESET)
    __Vectors_End                            0x08000198   Data           0  startup_stm32f411xe.o(RESET)
    __main                                   0x08000199   Thumb Code     0  entry.o(.ARM.Collect$$$$00000000)
    _main_stk                                0x08000199   Thumb Code     0  entry2.o(.ARM.Collect$$$$00000001)
    _main_scatterload                        0x0800019d   Thumb Code     0  entry5.o(.ARM.Collect$$$$00000004)
    __main_after_scatterload                 0x080001a1   Thumb Code     0  entry5.o(.ARM.Collect$$$$00000004)
    _main_clock                              0x080001a1   Thumb Code     0  entry7b.o(.ARM.Collect$$$$00000008)
    _main_cpp_init                           0x080001a1   Thumb Code     0  entry8b.o(.ARM.Collect$$$$0000000A)
    _main_init                               0x080001a1   Thumb Code     0  entry9a.o(.ARM.Collect$$$$0000000B)
    __rt_lib_shutdown_fini                   0x080001a9   Thumb Code     0  entry12b.o(.ARM.Collect$$$$0000000E)
    __rt_final_cpp                           0x080001ad   Thumb Code     0  entry10a.o(.ARM.Collect$$$$0000000F)
    __rt_final_exit                          0x080001ad   Thumb Code     0  entry11a.o(.ARM.Collect$$$$00000011)
    Reset_Handler                            0x080001b1   Thumb Code     8  startup_stm32f411xe.o(.text)
    ADC_IRQHandler                           0x080001cb   Thumb Code     0  startup_stm32f411xe.o(.text)
    DMA1_Stream0_IRQHandler                  0x080001cb   Thumb Code     0  startup_stm32f411xe.o(.text)
    DMA1_Stream1_IRQHandler                  0x080001cb   Thumb Code     0  startup_stm32f411xe.o(.text)
    DMA1_Stream2_IRQHandler                  0x080001cb   Thumb Code     0  startup_stm32f411xe.o(.text)
    DMA1_Stream3_IRQHandler                  0x080001cb   Thumb Code     0  startup_stm32f411xe.o(.text)
    DMA1_Stream4_IRQHandler                  0x080001cb   Thumb Code     0  startup_stm32f411xe.o(.text)
    DMA1_Stream5_IRQHandler                  0x080001cb   Thumb Code     0  startup_stm32f411xe.o(.text)
    DMA1_Stream6_IRQHandler                  0x080001cb   Thumb Code     0  startup_stm32f411xe.o(.text)
    DMA1_Stream7_IRQHandler                  0x080001cb   Thumb Code     0  startup_stm32f411xe.o(.text)
    DMA2_Stream0_IRQHandler                  0x080001cb   Thumb Code     0  startup_stm32f411xe.o(.text)
    DMA2_Stream1_IRQHandler                  0x080001cb   Thumb Code     0  startup_stm32f411xe.o(.text)
    DMA2_Stream6_IRQHandler                  0x080001cb   Thumb Code     0  startup_stm32f411xe.o(.text)
    DMA2_Stream7_IRQHandler                  0x080001cb   Thumb Code     0  startup_stm32f411xe.o(.text)
    EXTI0_IRQHandler                         0x080001cb   Thumb Code     0  startup_stm32f411xe.o(.text)
    EXTI15_10_IRQHandler                     0x080001cb   Thumb Code     0  startup_stm32f411xe.o(.text)
    EXTI1_IRQHandler                         0x080001cb   Thumb Code     0  startup_stm32f411xe.o(.text)
    EXTI2_IRQHandler                         0x080001cb   Thumb Code     0  startup_stm32f411xe.o(.text)
    EXTI3_IRQHandler                         0x080001cb   Thumb Code     0  startup_stm32f411xe.o(.text)
    EXTI4_IRQHandler                         0x080001cb   Thumb Code     0  startup_stm32f411xe.o(.text)
    EXTI9_5_IRQHandler                       0x080001cb   Thumb Code     0  startup_stm32f411xe.o(.text)
    FLASH_IRQHandler                         0x080001cb   Thumb Code     0  startup_stm32f411xe.o(.text)
    FPU_IRQHandler                           0x080001cb   Thumb Code     0  startup_stm32f411xe.o(.text)
    I2C1_ER_IRQHandler                       0x080001cb   Thumb Code     0  startup_stm32f411xe.o(.text)
    I2C1_EV_IRQHandler                       0x080001cb   Thumb Code     0  startup_stm32f411xe.o(.text)
    I2C2_ER_IRQHandler                       0x080001cb   Thumb Code     0  startup_stm32f411xe.o(.text)
    I2C2_EV_IRQHandler                       0x080001cb   Thumb Code     0  startup_stm32f411xe.o(.text)
    I2C3_ER_IRQHandler                       0x080001cb   Thumb Code     0  startup_stm32f411xe.o(.text)
    I2C3_EV_IRQHandler                       0x080001cb   Thumb Code     0  startup_stm32f411xe.o(.text)
    OTG_FS_IRQHandler                        0x080001cb   Thumb Code     0  startup_stm32f411xe.o(.text)
    OTG_FS_WKUP_IRQHandler                   0x080001cb   Thumb Code     0  startup_stm32f411xe.o(.text)
    PVD_IRQHandler                           0x080001cb   Thumb Code     0  startup_stm32f411xe.o(.text)
    RCC_IRQHandler                           0x080001cb   Thumb Code     0  startup_stm32f411xe.o(.text)
    RTC_Alarm_IRQHandler                     0x080001cb   Thumb Code     0  startup_stm32f411xe.o(.text)
    RTC_WKUP_IRQHandler                      0x080001cb   Thumb Code     0  startup_stm32f411xe.o(.text)
    SDIO_IRQHandler                          0x080001cb   Thumb Code     0  startup_stm32f411xe.o(.text)
    SPI1_IRQHandler                          0x080001cb   Thumb Code     0  startup_stm32f411xe.o(.text)
    SPI2_IRQHandler                          0x080001cb   Thumb Code     0  startup_stm32f411xe.o(.text)
    SPI3_IRQHandler                          0x080001cb   Thumb Code     0  startup_stm32f411xe.o(.text)
    SPI4_IRQHandler                          0x080001cb   Thumb Code     0  startup_stm32f411xe.o(.text)
    SPI5_IRQHandler                          0x080001cb   Thumb Code     0  startup_stm32f411xe.o(.text)
    TAMP_STAMP_IRQHandler                    0x080001cb   Thumb Code     0  startup_stm32f411xe.o(.text)
    TIM1_BRK_TIM9_IRQHandler                 0x080001cb   Thumb Code     0  startup_stm32f411xe.o(.text)
    TIM1_CC_IRQHandler                       0x080001cb   Thumb Code     0  startup_stm32f411xe.o(.text)
    TIM1_TRG_COM_TIM11_IRQHandler            0x080001cb   Thumb Code     0  startup_stm32f411xe.o(.text)
    TIM1_UP_TIM10_IRQHandler                 0x080001cb   Thumb Code     0  startup_stm32f411xe.o(.text)
    TIM2_IRQHandler                          0x080001cb   Thumb Code     0  startup_stm32f411xe.o(.text)
    TIM3_IRQHandler                          0x080001cb   Thumb Code     0  startup_stm32f411xe.o(.text)
    TIM4_IRQHandler                          0x080001cb   Thumb Code     0  startup_stm32f411xe.o(.text)
    TIM5_IRQHandler                          0x080001cb   Thumb Code     0  startup_stm32f411xe.o(.text)
    USART2_IRQHandler                        0x080001cb   Thumb Code     0  startup_stm32f411xe.o(.text)
    USART6_IRQHandler                        0x080001cb   Thumb Code     0  startup_stm32f411xe.o(.text)
    WWDG_IRQHandler                          0x080001cb   Thumb Code     0  startup_stm32f411xe.o(.text)
    __aeabi_uldivmod                         0x080001d5   Thumb Code    98  uldiv.o(.text)
    __aeabi_memcpy                           0x08000237   Thumb Code    36  memcpya.o(.text)
    __aeabi_memcpy4                          0x08000237   Thumb Code     0  memcpya.o(.text)
    __aeabi_memcpy8                          0x08000237   Thumb Code     0  memcpya.o(.text)
    __aeabi_memset                           0x0800025b   Thumb Code    14  memseta.o(.text)
    __aeabi_memset4                          0x0800025b   Thumb Code     0  memseta.o(.text)
    __aeabi_memset8                          0x0800025b   Thumb Code     0  memseta.o(.text)
    __aeabi_memclr                           0x08000269   Thumb Code     4  memseta.o(.text)
    __aeabi_memclr4                          0x08000269   Thumb Code     0  memseta.o(.text)
    __aeabi_memclr8                          0x08000269   Thumb Code     0  memseta.o(.text)
    _memset$wrapper                          0x0800026d   Thumb Code    18  memseta.o(.text)
    __aeabi_dadd                             0x0800027f   Thumb Code   322  dadd.o(.text)
    __aeabi_dsub                             0x080003c1   Thumb Code     6  dadd.o(.text)
    __aeabi_drsub                            0x080003c7   Thumb Code     6  dadd.o(.text)
    __aeabi_dmul                             0x080003cd   Thumb Code   228  dmul.o(.text)
    __aeabi_ddiv                             0x080004b1   Thumb Code   222  ddiv.o(.text)
    __aeabi_ui2d                             0x0800058f   Thumb Code    26  dfltui.o(.text)
    __aeabi_d2uiz                            0x080005a9   Thumb Code    50  dfixui.o(.text)
    __aeabi_cdcmpeq                          0x080005dd   Thumb Code     0  cdcmple.o(.text)
    __aeabi_cdcmple                          0x080005dd   Thumb Code    48  cdcmple.o(.text)
    __aeabi_cdrcmple                         0x0800060d   Thumb Code    48  cdrcmple.o(.text)
    __aeabi_llsl                             0x0800063d   Thumb Code    30  llshl.o(.text)
    _ll_shift_l                              0x0800063d   Thumb Code     0  llshl.o(.text)
    __aeabi_llsr                             0x0800065b   Thumb Code    32  llushr.o(.text)
    _ll_ushift_r                             0x0800065b   Thumb Code     0  llushr.o(.text)
    __aeabi_lasr                             0x0800067b   Thumb Code    36  llsshr.o(.text)
    _ll_sshift_r                             0x0800067b   Thumb Code     0  llsshr.o(.text)
    __I$use$fp                               0x0800069f   Thumb Code     0  iusefp.o(.text)
    _double_round                            0x0800069f   Thumb Code    30  depilogue.o(.text)
    _double_epilogue                         0x080006bd   Thumb Code   156  depilogue.o(.text)
    _drnd                                    0x08000759   Thumb Code   132  drnd.o(.text)
    _drem                                    0x080007e1   Thumb Code   134  drem.o(.text)
    __ARM_dcmp4                              0x08000867   Thumb Code    96  dcmp4.o(.text)
    _dcmp4                                   0x08000867   Thumb Code     0  dcmp4.o(.text)
    __scatterload                            0x080008c9   Thumb Code    28  init.o(.text)
    __scatterload_rt2                        0x080008c9   Thumb Code     0  init.o(.text)
    __decompress                             0x080008ed   Thumb Code     0  __dczerorl2.o(.text)
    __decompress1                            0x080008ed   Thumb Code    86  __dczerorl2.o(.text)
    BusFault_Handler                         0x08000943   Thumb Code     2  stm32f4xx_it.o(i.BusFault_Handler)
    CA_DDS_Start_Precise                     0x08000945   Thumb Code  1346  echem_stim.o(i.CA_DDS_Start_Precise)
    CA_Fill_Next_Buffer                      0x08000ea5   Thumb Code    98  echem_stim.o(i.CA_Fill_Next_Buffer)
    CA_NeedFillBuffer                        0x08000f15   Thumb Code    22  echem_stim.o(i.CA_NeedFillBuffer)
    CA_PingPong_DMA2_Stream4_IRQHandler      0x08000f31   Thumb Code   252  echem_stim.o(i.CA_PingPong_DMA2_Stream4_IRQHandler)
    CA_PingPong_DMA2_Stream5_IRQHandler      0x08001039   Thumb Code   240  echem_stim.o(i.CA_PingPong_DMA2_Stream5_IRQHandler)
    CLR                                      0x08001135   Thumb Code    14  dac80004.o(i.CLR)
    CS                                       0x08001143   Thumb Code    14  dac80004.o(i.CS)
    CV_DDS_Start_Precise                     0x08001151   Thumb Code  1590  echem_stim.o(i.CV_DDS_Start_Precise)
    CV_Fill_Next_Buffer                      0x080017b5   Thumb Code   100  echem_stim.o(i.CV_Fill_Next_Buffer)
    CV_NeedFillBuffer                        0x08001821   Thumb Code    38  echem_stim.o(i.CV_NeedFillBuffer)
    CV_PingPong_DMA2_Stream4_IRQHandler      0x0800184d   Thumb Code   252  echem_stim.o(i.CV_PingPong_DMA2_Stream4_IRQHandler)
    CV_PingPong_DMA2_Stream5_IRQHandler      0x08001955   Thumb Code   240  echem_stim.o(i.CV_PingPong_DMA2_Stream5_IRQHandler)
    ChannelGain_GPIO_Init                    0x08001a51   Thumb Code   182  channelgain.o(i.ChannelGain_GPIO_Init)
    ChannelGain_Init                         0x08001b15   Thumb Code     4  channelgain.o(i.ChannelGain_Init)
    DAC80004_Channel_Config                  0x08001b19   Thumb Code    16  dac80004.o(i.DAC80004_Channel_Config)
    DAC80004_Command_Config                  0x08001b29   Thumb Code    16  dac80004.o(i.DAC80004_Command_Config)
    DAC80004_Data_Set                        0x08001b39   Thumb Code    16  dac80004.o(i.DAC80004_Data_Set)
    DAC80004_GPIO_init                       0x08001b4d   Thumb Code    92  dac80004.o(i.DAC80004_GPIO_init)
    DAC80004_Init                            0x08001bad   Thumb Code    90  dac80004.o(i.DAC80004_Init)
    DAC80004_Mode_Config                     0x08001c07   Thumb Code    14  dac80004.o(i.DAC80004_Mode_Config)
    DAC80004_WR_Config                       0x08001c15   Thumb Code    16  dac80004.o(i.DAC80004_WR_Config)
    DAC80004_WriteData                       0x08001c25   Thumb Code    44  dac80004.o(i.DAC80004_WriteData)
    DMA2_Stream2_IRQHandler                  0x08001c51   Thumb Code     2  stm32f4xx_it.o(i.DMA2_Stream2_IRQHandler)
    DMA2_Stream3_IRQHandler                  0x08001c55   Thumb Code    40  spi.o(i.DMA2_Stream3_IRQHandler)
    DMA2_Stream4_IRQHandler                  0x08001c89   Thumb Code    40  echem_stim.o(i.DMA2_Stream4_IRQHandler)
    DMA2_Stream5_IRQHandler                  0x08001cb5   Thumb Code    40  echem_stim.o(i.DMA2_Stream5_IRQHandler)
    DPV_DDS_Start_Precise                    0x08001ce1   Thumb Code  1770  echem_stim.o(i.DPV_DDS_Start_Precise)
    DPV_Fill_Next_Buffer                     0x08002401   Thumb Code    98  echem_stim.o(i.DPV_Fill_Next_Buffer)
    DPV_NeedFillBuffer                       0x0800246d   Thumb Code    22  echem_stim.o(i.DPV_NeedFillBuffer)
    DPV_PingPong_DMA2_Stream4_IRQHandler     0x08002489   Thumb Code   252  echem_stim.o(i.DPV_PingPong_DMA2_Stream4_IRQHandler)
    DPV_PingPong_DMA2_Stream5_IRQHandler     0x08002591   Thumb Code   240  echem_stim.o(i.DPV_PingPong_DMA2_Stream5_IRQHandler)
    DebugMon_Handler                         0x0800268d   Thumb Code     2  stm32f4xx_it.o(i.DebugMon_Handler)
    Echem_stim_Init                          0x0800268f   Thumb Code    22  echem_stim.o(i.Echem_stim_Init)
    Feedback1_Select                         0x080026a5   Thumb Code    20  channelgain.o(i.Feedback1_Select)
    Feedback2_Select                         0x080026bd   Thumb Code    20  channelgain.o(i.Feedback2_Select)
    Feedback3_Select                         0x080026d5   Thumb Code    20  channelgain.o(i.Feedback3_Select)
    Feedback4_Select                         0x080026ed   Thumb Code    18  channelgain.o(i.Feedback4_Select)
    GPIOC_Group1_Init                        0x08002705   Thumb Code    52  gpio.o(i.GPIOC_Group1_Init)
    HAL_GetTick                              0x08002b01   Thumb Code     6  stm32f4xx_hal.o(i.HAL_GetTick)
    HardFault_Handler                        0x08002b0d   Thumb Code     2  stm32f4xx_it.o(i.HardFault_Handler)
    IV_Gain_Set                              0x08002b11   Thumb Code    26  channelgain.o(i.IV_Gain_Set)
    LDAC                                     0x08002b31   Thumb Code    14  dac80004.o(i.LDAC)
    LED_Init                                 0x08002b3f   Thumb Code     4  led.o(i.LED_Init)
    LED_OFF                                  0x08002b45   Thumb Code    10  led.o(i.LED_OFF)
    LED_ON                                   0x08002b55   Thumb Code    10  led.o(i.LED_ON)
    LL_GPIO_Init                             0x08002d3d   Thumb Code   310  stm32f4xx_ll_gpio.o(i.LL_GPIO_Init)
    LL_Init1msTick                           0x08002e73   Thumb Code    26  stm32f4xx_ll_utils.o(i.LL_Init1msTick)
    LL_RCC_GetSystemClocksFreq               0x08002e8d   Thumb Code    32  stm32f4xx_ll_rcc.o(i.LL_RCC_GetSystemClocksFreq)
    LL_SPI_Init                              0x08002ead   Thumb Code   100  stm32f4xx_ll_spi.o(i.LL_SPI_Init)
    LL_SetSystemCoreClock                    0x08002f11   Thumb Code     6  stm32f4xx_ll_utils.o(i.LL_SetSystemCoreClock)
    LL_TIM_BDTR_Init                         0x08002f1d   Thumb Code    52  stm32f4xx_ll_tim.o(i.LL_TIM_BDTR_Init)
    LL_TIM_Init                              0x08002f51   Thumb Code   122  stm32f4xx_ll_tim.o(i.LL_TIM_Init)
    LL_TIM_OC_Init                           0x08003091   Thumb Code   390  stm32f4xx_ll_tim.o(i.LL_TIM_OC_Init)
    LL_USART_Init                            0x0800321d   Thumb Code   118  stm32f4xx_ll_usart.o(i.LL_USART_Init)
    LL_mDelay                                0x08003351   Thumb Code    30  stm32f4xx_ll_utils.o(i.LL_mDelay)
    MX_DMA_Init                              0x08003371   Thumb Code    82  dma.o(i.MX_DMA_Init)
    MemManage_Handler                        0x080033cd   Thumb Code     2  stm32f4xx_it.o(i.MemManage_Handler)
    NMI_Handler                              0x080033cf   Thumb Code     2  stm32f4xx_it.o(i.NMI_Handler)
    PendSV_Handler                           0x08003403   Thumb Code     2  stm32f4xx_it.o(i.PendSV_Handler)
    PingPong_DMA_GetProgress                 0x08003405   Thumb Code    50  echem_stim.o(i.PingPong_DMA_GetProgress)
    PingPong_DMA_IsComplete                  0x0800343d   Thumb Code    22  echem_stim.o(i.PingPong_DMA_IsComplete)
    PingPong_DMA_Stop                        0x08003459   Thumb Code   174  echem_stim.o(i.PingPong_DMA_Stop)
    RCC_GetHCLKClockFreq                     0x08003519   Thumb Code    18  stm32f4xx_ll_rcc.o(i.RCC_GetHCLKClockFreq)
    RCC_GetPCLK1ClockFreq                    0x08003535   Thumb Code    20  stm32f4xx_ll_rcc.o(i.RCC_GetPCLK1ClockFreq)
    RCC_GetPCLK2ClockFreq                    0x08003551   Thumb Code    20  stm32f4xx_ll_rcc.o(i.RCC_GetPCLK2ClockFreq)
    RCC_GetSystemClockFreq                   0x0800356d   Thumb Code    30  stm32f4xx_ll_rcc.o(i.RCC_GetSystemClockFreq)
    RCC_PLL_GetFreqDomain_SYS                0x08003599   Thumb Code    68  stm32f4xx_ll_rcc.o(i.RCC_PLL_GetFreqDomain_SYS)
    SPI1_Init                                0x080035e9   Thumb Code   136  spi.o(i.SPI1_Init)
    SPI1_Transmit16_Time                     0x0800367d   Thumb Code    92  spi.o(i.SPI1_Transmit16_Time)
    SVC_Handler                              0x080036dd   Thumb Code     2  stm32f4xx_it.o(i.SVC_Handler)
    SYNC_Cycle_Init                          0x080036df   Thumb Code     4  dds_dac80004.o(i.SYNC_Cycle_Init)
    SYNC_Cycle_SetPara                       0x080036e3   Thumb Code     4  dds_dac80004.o(i.SYNC_Cycle_SetPara)
    SYNC_Cycle_Start                         0x080036e7   Thumb Code     4  dds_dac80004.o(i.SYNC_Cycle_Start)
    SYNC_Cycle_Stop                          0x080036eb   Thumb Code     4  dds_dac80004.o(i.SYNC_Cycle_Stop)
    Serial_CA_CreateWave                     0x080036f1   Thumb Code   206  serial_process.o(i.Serial_CA_CreateWave)
    Serial_CV_CreateWave                     0x080037dd   Thumb Code   214  serial_process.o(i.Serial_CV_CreateWave)
    Serial_CommandTask                       0x080038d1   Thumb Code    30  serial_process.o(i.Serial_CommandTask)
    Serial_DPV_CreateWave                    0x080038f5   Thumb Code   206  serial_process.o(i.Serial_DPV_CreateWave)
    Serial_GetRxCommand                      0x080039e1   Thumb Code     6  serial.o(i.Serial_GetRxCommand)
    Serial_GetRxData                         0x080039ed   Thumb Code    54  serial.o(i.Serial_GetRxData)
    Serial_GetRxFlag                         0x08003a29   Thumb Code    22  serial.o(i.Serial_GetRxFlag)
    Serial_Process                           0x08003a45   Thumb Code    42  serial_process.o(i.Serial_Process)
    SysTick_Handler                          0x08003a91   Thumb Code     2  stm32f4xx_it.o(i.SysTick_Handler)
    SystemClock_Config                       0x08003a95   Thumb Code   190  main.o(i.SystemClock_Config)
    SystemInit                               0x08003b6d   Thumb Code    12  system_stm32f4xx.o(i.SystemInit)
    System_GPIO_Init                         0x08003b7d   Thumb Code    28  gpio.o(i.System_GPIO_Init)
    TIM1_DMA_SPI1_Init                       0x08003b99   Thumb Code   474  tim.o(i.TIM1_DMA_SPI1_Init)
    TIM3_ApplyPWMConfig                      0x08003d8d   Thumb Code   190  tim.o(i.TIM3_ApplyPWMConfig)
    TIM3_PWM_Init                            0x08003e61   Thumb Code   196  tim.o(i.TIM3_PWM_Init)
    TIM3_PWM_Start                           0x08003f31   Thumb Code    12  tim.o(i.TIM3_PWM_Start)
    TIM3_PWM_Stop                            0x08003f41   Thumb Code    22  tim.o(i.TIM3_PWM_Stop)
    TIM_ApplyFreqConfig_DualDMA              0x08003f61   Thumb Code   176  tim.o(i.TIM_ApplyFreqConfig_DualDMA)
    TIM_CalculateFreqDivision_Precise        0x08004021   Thumb Code   392  tim.o(i.TIM_CalculateFreqDivision_Precise)
    USART1_IRQHandler                        0x080041d1   Thumb Code     4  serial.o(i.USART1_IRQHandler)
    USART1_IRQ_Task                          0x080041d5   Thumb Code   192  serial.o(i.USART1_IRQ_Task)
    USART1_Init                              0x0800429d   Thumb Code   212  usart.o(i.USART1_Init)
    UsageFault_Handler                       0x08004385   Thumb Code     2  stm32f4xx_it.o(i.UsageFault_Handler)
    Voltage_Gain_Stage1_Set                  0x08004389   Thumb Code    18  channelgain.o(i.Voltage_Gain_Stage1_Set)
    Voltage_Gain_Stage2_Set                  0x080043a1   Thumb Code    28  channelgain.o(i.Voltage_Gain_Stage2_Set)
    WE_Channel_Select                        0x080043c1   Thumb Code    26  channelgain.o(i.WE_Channel_Select)
    __hardfp_ceil                            0x08004439   Thumb Code   252  ceil.o(i.__hardfp_ceil)
    __hardfp_fabs                            0x08004551   Thumb Code    20  fabs.o(i.__hardfp_fabs)
    __hardfp_fmax                            0x08004565   Thumb Code   116  fmax.o(i.__hardfp_fmax)
    __hardfp_fmin                            0x080045d9   Thumb Code   116  fmin.o(i.__hardfp_fmin)
    __hardfp_fmod                            0x0800464d   Thumb Code   254  fmod.o(i.__hardfp_fmod)
    __hardfp_round                           0x08004751   Thumb Code   194  round.o(i.__hardfp_round)
    __mathlib_dbl_invalid                    0x08004831   Thumb Code    24  dunder.o(i.__mathlib_dbl_invalid)
    __scatterload_copy                       0x08004851   Thumb Code    14  handlers.o(i.__scatterload_copy)
    __scatterload_null                       0x0800485f   Thumb Code     2  handlers.o(i.__scatterload_null)
    __scatterload_zeroinit                   0x08004861   Thumb Code    14  handlers.o(i.__scatterload_zeroinit)
    __set_errno                              0x08004871   Thumb Code     6  errno.o(i.__set_errno)
    main                                     0x08004999   Thumb Code   154  main.o(i.main)
    AHBPrescTable                            0x08004a66   Data          16  system_stm32f4xx.o(.constdata)
    APBPrescTable                            0x08004a76   Data           8  system_stm32f4xx.o(.constdata)
    Region$$Table$$Base                      0x08004b90   Number         0  anon$$obj.o(Region$$Table)
    Region$$Table$$Limit                     0x08004bb0   Number         0  anon$$obj.o(Region$$Table)
    dma_tx_complete                          0x20000000   Data           1  spi.o(.data)
    DAC80004_dev1                            0x20000004   Data          24  main_init.o(.data)
    DAC80004_Module1                         0x2000001c   Data          16  main_init.o(.data)
    config                                   0x20000030   Data          32  main_init.o(.data)
    uwTickFreq                               0x20000050   Data           1  stm32f4xx_hal.o(.data)
    uwTickPrio                               0x20000054   Data           4  stm32f4xx_hal.o(.data)
    uwTick                                   0x20000058   Data           4  stm32f4xx_hal.o(.data)
    SystemCoreClock                          0x2000005c   Data           4  system_stm32f4xx.o(.data)
    g_serial_rx_command                      0x20000130   Data           1  serial_process.o(.data)
    wave_high_data1                          0x20000138   Data       16384  main_init.o(.bss)
    wave_high_data2                          0x20004138   Data       16384  main_init.o(.bss)
    wave_low_data1                           0x20008138   Data       16384  main_init.o(.bss)
    wave_low_data2                           0x2000c138   Data       16384  main_init.o(.bss)
    g_pingpong_dma_stream4                   0x20010138   Data          20  echem_stim.o(.bss)
    g_pingpong_dma_stream5                   0x2001014c   Data          20  echem_stim.o(.bss)
    g_echem_result                           0x20010160   Data          56  echem_stim.o(.bss)
    g_serial_rx_doubel_data                  0x200102a0   Data          80  serial_process.o(.bss)
    __initial_sp                             0x200106f0   Data           0  startup_stm32f411xe.o(STACK)



==============================================================================

Memory Map of the image

  Image Entry point : 0x08000199

  Load Region LR_IROM1 (Base: 0x08000000, Size: 0x00004ce8, Max: 0x00080000, ABSOLUTE, COMPRESSED[0x00004bd8])

    Execution Region ER_IROM1 (Exec base: 0x08000000, Load base: 0x08000000, Size: 0x00004bb0, Max: 0x00080000, ABSOLUTE)

    Exec Addr    Load Addr    Size         Type   Attr      Idx    E Section Name        Object

    0x08000000   0x08000000   0x00000198   Data   RO            3    RESET               startup_stm32f411xe.o
    0x08000198   0x08000198   0x00000000   Code   RO         2796  * .ARM.Collect$$$$00000000  mc_w.l(entry.o)
    0x08000198   0x08000198   0x00000004   Code   RO         2853    .ARM.Collect$$$$00000001  mc_w.l(entry2.o)
    0x0800019c   0x0800019c   0x00000004   Code   RO         2856    .ARM.Collect$$$$00000004  mc_w.l(entry5.o)
    0x080001a0   0x080001a0   0x00000000   Code   RO         2858    .ARM.Collect$$$$00000008  mc_w.l(entry7b.o)
    0x080001a0   0x080001a0   0x00000000   Code   RO         2860    .ARM.Collect$$$$0000000A  mc_w.l(entry8b.o)
    0x080001a0   0x080001a0   0x00000008   Code   RO         2861    .ARM.Collect$$$$0000000B  mc_w.l(entry9a.o)
    0x080001a8   0x080001a8   0x00000004   Code   RO         2868    .ARM.Collect$$$$0000000E  mc_w.l(entry12b.o)
    0x080001ac   0x080001ac   0x00000000   Code   RO         2863    .ARM.Collect$$$$0000000F  mc_w.l(entry10a.o)
    0x080001ac   0x080001ac   0x00000000   Code   RO         2865    .ARM.Collect$$$$00000011  mc_w.l(entry11a.o)
    0x080001ac   0x080001ac   0x00000004   Code   RO         2854    .ARM.Collect$$$$00002712  mc_w.l(entry2.o)
    0x080001b0   0x080001b0   0x00000024   Code   RO            4    .text               startup_stm32f411xe.o
    0x080001d4   0x080001d4   0x00000062   Code   RO         2799    .text               mc_w.l(uldiv.o)
    0x08000236   0x08000236   0x00000024   Code   RO         2801    .text               mc_w.l(memcpya.o)
    0x0800025a   0x0800025a   0x00000024   Code   RO         2803    .text               mc_w.l(memseta.o)
    0x0800027e   0x0800027e   0x0000014e   Code   RO         2807    .text               mf_w.l(dadd.o)
    0x080003cc   0x080003cc   0x000000e4   Code   RO         2809    .text               mf_w.l(dmul.o)
    0x080004b0   0x080004b0   0x000000de   Code   RO         2811    .text               mf_w.l(ddiv.o)
    0x0800058e   0x0800058e   0x0000001a   Code   RO         2815    .text               mf_w.l(dfltui.o)
    0x080005a8   0x080005a8   0x00000032   Code   RO         2819    .text               mf_w.l(dfixui.o)
    0x080005da   0x080005da   0x00000002   PAD
    0x080005dc   0x080005dc   0x00000030   Code   RO         2821    .text               mf_w.l(cdcmple.o)
    0x0800060c   0x0800060c   0x00000030   Code   RO         2823    .text               mf_w.l(cdrcmple.o)
    0x0800063c   0x0800063c   0x0000001e   Code   RO         2869    .text               mc_w.l(llshl.o)
    0x0800065a   0x0800065a   0x00000020   Code   RO         2871    .text               mc_w.l(llushr.o)
    0x0800067a   0x0800067a   0x00000024   Code   RO         2873    .text               mc_w.l(llsshr.o)
    0x0800069e   0x0800069e   0x00000000   Code   RO         2882    .text               mc_w.l(iusefp.o)
    0x0800069e   0x0800069e   0x000000ba   Code   RO         2883    .text               mf_w.l(depilogue.o)
    0x08000758   0x08000758   0x00000088   Code   RO         2885    .text               mf_w.l(drnd.o)
    0x080007e0   0x080007e0   0x00000086   Code   RO         2887    .text               mf_w.l(drem.o)
    0x08000866   0x08000866   0x00000060   Code   RO         2889    .text               mf_w.l(dcmp4.o)
    0x080008c6   0x080008c6   0x00000002   PAD
    0x080008c8   0x080008c8   0x00000024   Code   RO         2895    .text               mc_w.l(init.o)
    0x080008ec   0x080008ec   0x00000056   Code   RO         2907    .text               mc_w.l(__dczerorl2.o)
    0x08000942   0x08000942   0x00000002   Code   RO          448    i.BusFault_Handler  stm32f4xx_it.o
    0x08000944   0x08000944   0x00000560   Code   RO         2167    i.CA_DDS_Start_Precise  echem_stim.o
    0x08000ea4   0x08000ea4   0x00000070   Code   RO         2168    i.CA_Fill_Next_Buffer  echem_stim.o
    0x08000f14   0x08000f14   0x0000001c   Code   RO         2169    i.CA_NeedFillBuffer  echem_stim.o
    0x08000f30   0x08000f30   0x00000108   Code   RO         2170    i.CA_PingPong_DMA2_Stream4_IRQHandler  echem_stim.o
    0x08001038   0x08001038   0x000000fc   Code   RO         2171    i.CA_PingPong_DMA2_Stream5_IRQHandler  echem_stim.o
    0x08001134   0x08001134   0x0000000e   Code   RO         1878    i.CLR               dac80004.o
    0x08001142   0x08001142   0x0000000e   Code   RO         1879    i.CS                dac80004.o
    0x08001150   0x08001150   0x00000664   Code   RO         2172    i.CV_DDS_Start_Precise  echem_stim.o
    0x080017b4   0x080017b4   0x0000006c   Code   RO         2173    i.CV_Fill_Next_Buffer  echem_stim.o
    0x08001820   0x08001820   0x0000002c   Code   RO         2174    i.CV_NeedFillBuffer  echem_stim.o
    0x0800184c   0x0800184c   0x00000108   Code   RO         2175    i.CV_PingPong_DMA2_Stream4_IRQHandler  echem_stim.o
    0x08001954   0x08001954   0x000000fc   Code   RO         2176    i.CV_PingPong_DMA2_Stream5_IRQHandler  echem_stim.o
    0x08001a50   0x08001a50   0x000000c4   Code   RO         2583    i.ChannelGain_GPIO_Init  channelgain.o
    0x08001b14   0x08001b14   0x00000004   Code   RO         2584    i.ChannelGain_Init  channelgain.o
    0x08001b18   0x08001b18   0x00000010   Code   RO         1880    i.DAC80004_Channel_Config  dac80004.o
    0x08001b28   0x08001b28   0x00000010   Code   RO         1881    i.DAC80004_Command_Config  dac80004.o
    0x08001b38   0x08001b38   0x00000014   Code   RO         1882    i.DAC80004_Data_Set  dac80004.o
    0x08001b4c   0x08001b4c   0x00000060   Code   RO         1883    i.DAC80004_GPIO_init  dac80004.o
    0x08001bac   0x08001bac   0x0000005a   Code   RO         1884    i.DAC80004_Init     dac80004.o
    0x08001c06   0x08001c06   0x0000000e   Code   RO         1885    i.DAC80004_Mode_Config  dac80004.o
    0x08001c14   0x08001c14   0x00000010   Code   RO         1886    i.DAC80004_WR_Config  dac80004.o
    0x08001c24   0x08001c24   0x0000002c   Code   RO         1887    i.DAC80004_WriteData  dac80004.o
    0x08001c50   0x08001c50   0x00000002   Code   RO          449    i.DMA2_Stream2_IRQHandler  stm32f4xx_it.o
    0x08001c52   0x08001c52   0x00000002   PAD
    0x08001c54   0x08001c54   0x00000034   Code   RO          334    i.DMA2_Stream3_IRQHandler  spi.o
    0x08001c88   0x08001c88   0x0000002c   Code   RO         2177    i.DMA2_Stream4_IRQHandler  echem_stim.o
    0x08001cb4   0x08001cb4   0x0000002c   Code   RO         2178    i.DMA2_Stream5_IRQHandler  echem_stim.o
    0x08001ce0   0x08001ce0   0x00000720   Code   RO         2179    i.DPV_DDS_Start_Precise  echem_stim.o
    0x08002400   0x08002400   0x0000006c   Code   RO         2180    i.DPV_Fill_Next_Buffer  echem_stim.o
    0x0800246c   0x0800246c   0x0000001c   Code   RO         2181    i.DPV_NeedFillBuffer  echem_stim.o
    0x08002488   0x08002488   0x00000108   Code   RO         2182    i.DPV_PingPong_DMA2_Stream4_IRQHandler  echem_stim.o
    0x08002590   0x08002590   0x000000fc   Code   RO         2183    i.DPV_PingPong_DMA2_Stream5_IRQHandler  echem_stim.o
    0x0800268c   0x0800268c   0x00000002   Code   RO          450    i.DebugMon_Handler  stm32f4xx_it.o
    0x0800268e   0x0800268e   0x00000016   Code   RO         2188    i.Echem_stim_Init   echem_stim.o
    0x080026a4   0x080026a4   0x00000018   Code   RO         2586    i.Feedback1_Select  channelgain.o
    0x080026bc   0x080026bc   0x00000018   Code   RO         2588    i.Feedback2_Select  channelgain.o
    0x080026d4   0x080026d4   0x00000018   Code   RO         2590    i.Feedback3_Select  channelgain.o
    0x080026ec   0x080026ec   0x00000018   Code   RO         2592    i.Feedback4_Select  channelgain.o
    0x08002704   0x08002704   0x00000038   Code   RO          232    i.GPIOC_Group1_Init  gpio.o
    0x0800273c   0x0800273c   0x00000098   Code   RO         2189    i.Generate_CA_Data_Partial  echem_stim.o
    0x080027d4   0x080027d4   0x000001e4   Code   RO         2190    i.Generate_CV_Data_Partial  echem_stim.o
    0x080029b8   0x080029b8   0x00000148   Code   RO         2191    i.Generate_DPV_Data_Partial  echem_stim.o
    0x08002b00   0x08002b00   0x0000000c   Code   RO         1210    i.HAL_GetTick       stm32f4xx_hal.o
    0x08002b0c   0x08002b0c   0x00000002   Code   RO          451    i.HardFault_Handler  stm32f4xx_it.o
    0x08002b0e   0x08002b0e   0x00000002   PAD
    0x08002b10   0x08002b10   0x00000020   Code   RO         2594    i.IV_Gain_Set       channelgain.o
    0x08002b30   0x08002b30   0x0000000e   Code   RO         1889    i.LDAC              dac80004.o
    0x08002b3e   0x08002b3e   0x00000004   Code   RO         1833    i.LED_Init          led.o
    0x08002b42   0x08002b42   0x00000002   PAD
    0x08002b44   0x08002b44   0x00000010   Code   RO         1834    i.LED_OFF           led.o
    0x08002b54   0x08002b54   0x00000010   Code   RO         1835    i.LED_ON            led.o
    0x08002b64   0x08002b64   0x00000018   Code   RO          233    i.LL_AHB1_GRP1_EnableClock  gpio.o
    0x08002b7c   0x08002b7c   0x00000018   Code   RO          335    i.LL_AHB1_GRP1_EnableClock  spi.o
    0x08002b94   0x08002b94   0x00000018   Code   RO          556    i.LL_AHB1_GRP1_EnableClock  tim.o
    0x08002bac   0x08002bac   0x00000018   Code   RO         2595    i.LL_AHB1_GRP1_EnableClock  channelgain.o
    0x08002bc4   0x08002bc4   0x00000014   Code   RO          557    i.LL_DMA_DisableFifoMode  tim.o
    0x08002bd8   0x08002bd8   0x00000014   Code   RO         2192    i.LL_DMA_DisableIT_TC  echem_stim.o
    0x08002bec   0x08002bec   0x00000014   Code   RO         2193    i.LL_DMA_DisableIT_TE  echem_stim.o
    0x08002c00   0x08002c00   0x00000014   Code   RO         2194    i.LL_DMA_DisableStream  echem_stim.o
    0x08002c14   0x08002c14   0x00000014   Code   RO         2195    i.LL_DMA_EnableIT_TC  echem_stim.o
    0x08002c28   0x08002c28   0x00000014   Code   RO         2196    i.LL_DMA_EnableIT_TE  echem_stim.o
    0x08002c3c   0x08002c3c   0x00000014   Code   RO         2197    i.LL_DMA_EnableStream  echem_stim.o
    0x08002c50   0x08002c50   0x00000010   Code   RO         2198    i.LL_DMA_IsEnabledStream  echem_stim.o
    0x08002c60   0x08002c60   0x00000014   Code   RO          558    i.LL_DMA_SetChannelSelection  tim.o
    0x08002c74   0x08002c74   0x00000018   Code   RO         2199    i.LL_DMA_SetDataLength  echem_stim.o
    0x08002c8c   0x08002c8c   0x00000014   Code   RO          559    i.LL_DMA_SetDataTransferDirection  tim.o
    0x08002ca0   0x08002ca0   0x00000010   Code   RO         2200    i.LL_DMA_SetMemoryAddress  echem_stim.o
    0x08002cb0   0x08002cb0   0x00000014   Code   RO          560    i.LL_DMA_SetMemoryIncMode  tim.o
    0x08002cc4   0x08002cc4   0x00000014   Code   RO          561    i.LL_DMA_SetMemorySize  tim.o
    0x08002cd8   0x08002cd8   0x00000014   Code   RO          562    i.LL_DMA_SetMode    tim.o
    0x08002cec   0x08002cec   0x00000014   Code   RO         2201    i.LL_DMA_SetMode    echem_stim.o
    0x08002d00   0x08002d00   0x00000014   Code   RO          563    i.LL_DMA_SetPeriphIncMode  tim.o
    0x08002d14   0x08002d14   0x00000014   Code   RO          564    i.LL_DMA_SetPeriphSize  tim.o
    0x08002d28   0x08002d28   0x00000014   Code   RO          565    i.LL_DMA_SetStreamPriorityLevel  tim.o
    0x08002d3c   0x08002d3c   0x00000136   Code   RO          818    i.LL_GPIO_Init      stm32f4xx_ll_gpio.o
    0x08002e72   0x08002e72   0x0000001a   Code   RO         1075    i.LL_Init1msTick    stm32f4xx_ll_utils.o
    0x08002e8c   0x08002e8c   0x00000020   Code   RO          988    i.LL_RCC_GetSystemClocksFreq  stm32f4xx_ll_rcc.o
    0x08002eac   0x08002eac   0x00000064   Code   RO          919    i.LL_SPI_Init       stm32f4xx_ll_spi.o
    0x08002f10   0x08002f10   0x0000000c   Code   RO         1080    i.LL_SetSystemCoreClock  stm32f4xx_ll_utils.o
    0x08002f1c   0x08002f1c   0x00000034   Code   RO         1540    i.LL_TIM_BDTR_Init  stm32f4xx_ll_tim.o
    0x08002f50   0x08002f50   0x00000098   Code   RO         1549    i.LL_TIM_Init       stm32f4xx_ll_tim.o
    0x08002fe8   0x08002fe8   0x00000054   Code   RO          566    i.LL_TIM_OC_DisableFast  tim.o
    0x0800303c   0x0800303c   0x00000054   Code   RO          567    i.LL_TIM_OC_EnablePreload  tim.o
    0x08003090   0x08003090   0x0000018c   Code   RO         1550    i.LL_TIM_OC_Init    stm32f4xx_ll_tim.o
    0x0800321c   0x0800321c   0x00000084   Code   RO         1658    i.LL_USART_Init     stm32f4xx_ll_usart.o
    0x080032a0   0x080032a0   0x000000b0   Code   RO         1659    i.LL_USART_SetBaudRate  stm32f4xx_ll_usart.o
    0x08003350   0x08003350   0x0000001e   Code   RO         1081    i.LL_mDelay         stm32f4xx_ll_utils.o
    0x0800336e   0x0800336e   0x00000002   PAD
    0x08003370   0x08003370   0x0000005c   Code   RO          291    i.MX_DMA_Init       dma.o
    0x080033cc   0x080033cc   0x00000002   Code   RO          452    i.MemManage_Handler  stm32f4xx_it.o
    0x080033ce   0x080033ce   0x00000002   Code   RO          453    i.NMI_Handler       stm32f4xx_it.o
    0x080033d0   0x080033d0   0x00000032   Code   RO          292    i.NVIC_EncodePriority  dma.o
    0x08003402   0x08003402   0x00000002   Code   RO          454    i.PendSV_Handler    stm32f4xx_it.o
    0x08003404   0x08003404   0x00000038   Code   RO         2202    i.PingPong_DMA_GetProgress  echem_stim.o
    0x0800343c   0x0800343c   0x0000001c   Code   RO         2203    i.PingPong_DMA_IsComplete  echem_stim.o
    0x08003458   0x08003458   0x000000c0   Code   RO         2207    i.PingPong_DMA_Stop  echem_stim.o
    0x08003518   0x08003518   0x0000001c   Code   RO          990    i.RCC_GetHCLKClockFreq  stm32f4xx_ll_rcc.o
    0x08003534   0x08003534   0x0000001c   Code   RO          991    i.RCC_GetPCLK1ClockFreq  stm32f4xx_ll_rcc.o
    0x08003550   0x08003550   0x0000001c   Code   RO          992    i.RCC_GetPCLK2ClockFreq  stm32f4xx_ll_rcc.o
    0x0800356c   0x0800356c   0x0000002c   Code   RO          993    i.RCC_GetSystemClockFreq  stm32f4xx_ll_rcc.o
    0x08003598   0x08003598   0x00000050   Code   RO          996    i.RCC_PLL_GetFreqDomain_SYS  stm32f4xx_ll_rcc.o
    0x080035e8   0x080035e8   0x00000094   Code   RO          339    i.SPI1_Init         spi.o
    0x0800367c   0x0800367c   0x00000060   Code   RO          341    i.SPI1_Transmit16_Time  spi.o
    0x080036dc   0x080036dc   0x00000002   Code   RO          455    i.SVC_Handler       stm32f4xx_it.o
    0x080036de   0x080036de   0x00000004   Code   RO         1987    i.SYNC_Cycle_Init   dds_dac80004.o
    0x080036e2   0x080036e2   0x00000004   Code   RO         1988    i.SYNC_Cycle_SetPara  dds_dac80004.o
    0x080036e6   0x080036e6   0x00000004   Code   RO         1989    i.SYNC_Cycle_Start  dds_dac80004.o
    0x080036ea   0x080036ea   0x00000004   Code   RO         1990    i.SYNC_Cycle_Stop   dds_dac80004.o
    0x080036ee   0x080036ee   0x00000002   PAD
    0x080036f0   0x080036f0   0x000000ec   Code   RO         2523    i.Serial_CA_CreateWave  serial_process.o
    0x080037dc   0x080037dc   0x000000f4   Code   RO         2524    i.Serial_CV_CreateWave  serial_process.o
    0x080038d0   0x080038d0   0x00000024   Code   RO         2525    i.Serial_CommandTask  serial_process.o
    0x080038f4   0x080038f4   0x000000ec   Code   RO         2526    i.Serial_DPV_CreateWave  serial_process.o
    0x080039e0   0x080039e0   0x0000000c   Code   RO         2440    i.Serial_GetRxCommand  serial.o
    0x080039ec   0x080039ec   0x0000003c   Code   RO         2441    i.Serial_GetRxData  serial.o
    0x08003a28   0x08003a28   0x0000001c   Code   RO         2442    i.Serial_GetRxFlag  serial.o
    0x08003a44   0x08003a44   0x00000034   Code   RO         2527    i.Serial_Process    serial_process.o
    0x08003a78   0x08003a78   0x00000018   Code   RO         2443    i.Serial_ResetRxState  serial.o
    0x08003a90   0x08003a90   0x00000002   Code   RO          456    i.SysTick_Handler   stm32f4xx_it.o
    0x08003a92   0x08003a92   0x00000002   PAD
    0x08003a94   0x08003a94   0x000000d8   Code   RO           14    i.SystemClock_Config  main.o
    0x08003b6c   0x08003b6c   0x00000010   Code   RO         1796    i.SystemInit        system_stm32f4xx.o
    0x08003b7c   0x08003b7c   0x0000001c   Code   RO          234    i.System_GPIO_Init  gpio.o
    0x08003b98   0x08003b98   0x000001f4   Code   RO          568    i.TIM1_DMA_SPI1_Init  tim.o
    0x08003d8c   0x08003d8c   0x000000d4   Code   RO          569    i.TIM3_ApplyPWMConfig  tim.o
    0x08003e60   0x08003e60   0x000000d0   Code   RO          570    i.TIM3_PWM_Init     tim.o
    0x08003f30   0x08003f30   0x00000010   Code   RO          571    i.TIM3_PWM_Start    tim.o
    0x08003f40   0x08003f40   0x00000020   Code   RO          572    i.TIM3_PWM_Stop     tim.o
    0x08003f60   0x08003f60   0x000000c0   Code   RO          574    i.TIM_ApplyFreqConfig_DualDMA  tim.o
    0x08004020   0x08004020   0x000001b0   Code   RO          575    i.TIM_CalculateFreqDivision_Precise  tim.o
    0x080041d0   0x080041d0   0x00000004   Code   RO         2447    i.USART1_IRQHandler  serial.o
    0x080041d4   0x080041d4   0x000000c8   Code   RO         2448    i.USART1_IRQ_Task   serial.o
    0x0800429c   0x0800429c   0x000000e8   Code   RO          703    i.USART1_Init       usart.o
    0x08004384   0x08004384   0x00000002   Code   RO          457    i.UsageFault_Handler  stm32f4xx_it.o
    0x08004386   0x08004386   0x00000002   PAD
    0x08004388   0x08004388   0x00000018   Code   RO         2598    i.Voltage_Gain_Stage1_Set  channelgain.o
    0x080043a0   0x080043a0   0x00000020   Code   RO         2600    i.Voltage_Gain_Stage2_Set  channelgain.o
    0x080043c0   0x080043c0   0x00000020   Code   RO         2602    i.WE_Channel_Select  channelgain.o
    0x080043e0   0x080043e0   0x0000001a   Code   RO          293    i.__NVIC_EnableIRQ  dma.o
    0x080043fa   0x080043fa   0x0000001a   Code   RO         2208    i.__NVIC_EnableIRQ  echem_stim.o
    0x08004414   0x08004414   0x00000020   Code   RO          294    i.__NVIC_SetPriority  dma.o
    0x08004434   0x08004434   0x00000004   PAD
    0x08004438   0x08004438   0x00000118   Code   RO         2748    i.__hardfp_ceil     m_wm.l(ceil.o)
    0x08004550   0x08004550   0x00000014   Code   RO         2754    i.__hardfp_fabs     m_wm.l(fabs.o)
    0x08004564   0x08004564   0x00000074   Code   RO         2760    i.__hardfp_fmax     m_wm.l(fmax.o)
    0x080045d8   0x080045d8   0x00000074   Code   RO         2792    i.__hardfp_fmin     m_wm.l(fmin.o)
    0x0800464c   0x0800464c   0x00000104   Code   RO         2764    i.__hardfp_fmod     m_wm.l(fmod.o)
    0x08004750   0x08004750   0x000000e0   Code   RO         2776    i.__hardfp_round    m_wm.l(round.o)
    0x08004830   0x08004830   0x00000020   Code   RO         2831    i.__mathlib_dbl_invalid  m_wm.l(dunder.o)
    0x08004850   0x08004850   0x0000000e   Code   RO         2901    i.__scatterload_copy  mc_w.l(handlers.o)
    0x0800485e   0x0800485e   0x00000002   Code   RO         2902    i.__scatterload_null  mc_w.l(handlers.o)
    0x08004860   0x08004860   0x0000000e   Code   RO         2903    i.__scatterload_zeroinit  mc_w.l(handlers.o)
    0x0800486e   0x0800486e   0x00000002   PAD
    0x08004870   0x08004870   0x0000000c   Code   RO         2877    i.__set_errno       mc_w.l(errno.o)
    0x0800487c   0x0800487c   0x0000011c   Code   RO         2209    i.gcd_double        echem_stim.o
    0x08004998   0x08004998   0x000000b0   Code   RO           15    i.main              main.o
    0x08004a48   0x08004a48   0x00000008   Data   RO          348    .constdata          spi.o
    0x08004a50   0x08004a50   0x00000016   Data   RO          576    .constdata          tim.o
    0x08004a66   0x08004a66   0x00000010   Data   RO         1797    .constdata          system_stm32f4xx.o
    0x08004a76   0x08004a76   0x00000008   Data   RO         1798    .constdata          system_stm32f4xx.o
    0x08004a7e   0x08004a7e   0x00000008   Data   RO         2211    .constdata          echem_stim.o
    0x08004a86   0x08004a86   0x00000002   PAD
    0x08004a88   0x08004a88   0x00000108   Data   RO         2529    .constdata          serial_process.o
    0x08004b90   0x08004b90   0x00000020   Data   RO         2899    Region$$Table       anon$$obj.o


    Execution Region RW_IRAM1 (Exec base: 0x20000000, Load base: 0x08004bb0, Size: 0x000106f0, Max: 0x00020000, ABSOLUTE, COMPRESSED[0x00000028])

    Exec Addr    Load Addr    Size         Type   Attr      Idx    E Section Name        Object

    0x20000000   COMPRESSED   0x00000001   Data   RW          349    .data               spi.o
    0x20000001   COMPRESSED   0x00000003   PAD
    0x20000004   COMPRESSED   0x00000018   Data   RW          745    .data               main_init.o
    0x2000001c   COMPRESSED   0x00000010   Data   RW          746    .data               main_init.o
    0x2000002c   COMPRESSED   0x00000004   PAD
    0x20000030   COMPRESSED   0x00000020   Data   RW          747    .data               main_init.o
    0x20000050   COMPRESSED   0x0000000c   Data   RW         1224    .data               stm32f4xx_hal.o
    0x2000005c   COMPRESSED   0x00000004   Data   RW         1799    .data               system_stm32f4xx.o
    0x20000060   COMPRESSED   0x0000001c   Data   RW         2212    .data               echem_stim.o
    0x2000007c   COMPRESSED   0x00000004   PAD
    0x20000080   COMPRESSED   0x000000b0   Data   RW         2449    .data               serial.o
    0x20000130   COMPRESSED   0x00000001   Data   RW         2530    .data               serial_process.o
    0x20000131   COMPRESSED   0x00000003   PAD
    0x20000134   COMPRESSED   0x00000004   Data   RW         2878    .data               mc_w.l(errno.o)
    0x20000138        -       0x00010000   Zero   RW          744    .bss                main_init.o
    0x20010138        -       0x00000168   Zero   RW         2210    .bss                echem_stim.o
    0x200102a0        -       0x00000050   Zero   RW         2528    .bss                serial_process.o
    0x200102f0        -       0x00000400   Zero   RW            1    STACK               startup_stm32f411xe.o


==============================================================================

Image component sizes


      Code (inc. data)   RO Data    RW Data    ZI Data      Debug   Object Name

       440         60          0          0          0      11727   channelgain.o
       354          8          0          0          0      11122   dac80004.o
        16          0          0          0          0      59418   dds_dac80004.o
       200         10          0          0          0      32337   dma.o
      8668        730          8         28        360      68053   echem_stim.o
       108         10          0          0          0      36583   gpio.o
        36         12          0          0          0       5570   led.o
       392         48          0          0          0     398891   main.o
         0          0          0         72      65536        858   main_init.o
       328         30          0        176          0      16972   serial.o
       804        106        264          1         80       9670   serial_process.o
       320         34          8          1          0      32927   spi.o
        36          8        408          0       1024        844   startup_stm32f411xe.o
        12          6          0         12          0       6889   stm32f4xx_hal.o
        20          0          0          0          0       4752   stm32f4xx_it.o
       310          0          0          0          0       7207   stm32f4xx_ll_gpio.o
       240         52          0          0          0      31987   stm32f4xx_ll_rcc.o
       100          0          0          0          0      14558   stm32f4xx_ll_spi.o
       600         36          0          0          0      33566   stm32f4xx_ll_tim.o
       308         14          0          0          0      16404   stm32f4xx_ll_usart.o
        68          6          0          0          0       9393   stm32f4xx_ll_utils.o
        16          4         24          4          0       1159   system_stm32f4xx.o
      1964        180         22          0          0      59602   tim.o
       232         20          0          0          0      47645   usart.o

    ----------------------------------------------------------------------
     15590       1374        768        308      67000     918134   Object Totals
         0          0         32          0          0          0   (incl. Generated)
        18          0          2         14          0          0   (incl. Padding)

    ----------------------------------------------------------------------

      Code (inc. data)   RO Data    RW Data    ZI Data      Debug   Library Member Name

       280         28          0          0          0        156   ceil.o
        32          8          0          0          0        124   dunder.o
        20          0          0          0          0        124   fabs.o
       116          0          0          0          0        164   fmax.o
       116          0          0          0          0        164   fmin.o
       260          6          0          0          0        144   fmod.o
       224         30          0          0          0        172   round.o
        86          0          0          0          0          0   __dczerorl2.o
         0          0          0          0          0          0   entry.o
         0          0          0          0          0          0   entry10a.o
         0          0          0          0          0          0   entry11a.o
         4          0          0          0          0          0   entry12b.o
         8          4          0          0          0          0   entry2.o
         4          0          0          0          0          0   entry5.o
         0          0          0          0          0          0   entry7b.o
         0          0          0          0          0          0   entry8b.o
         8          4          0          0          0          0   entry9a.o
        12          6          0          4          0         68   errno.o
        30          0          0          0          0          0   handlers.o
        36          8          0          0          0         68   init.o
         0          0          0          0          0          0   iusefp.o
        30          0          0          0          0         68   llshl.o
        36          0          0          0          0         68   llsshr.o
        32          0          0          0          0         68   llushr.o
        36          0          0          0          0         68   memcpya.o
        36          0          0          0          0        108   memseta.o
        98          0          0          0          0         92   uldiv.o
        48          0          0          0          0         68   cdcmple.o
        48          0          0          0          0         68   cdrcmple.o
       334          0          0          0          0        148   dadd.o
        96          0          0          0          0         80   dcmp4.o
       222          0          0          0          0        100   ddiv.o
       186          0          0          0          0        176   depilogue.o
        50          0          0          0          0         76   dfixui.o
        26          0          0          0          0         76   dfltui.o
       228          0          0          0          0         96   dmul.o
       134          0          0          0          0         96   drem.o
       136          4          0          0          0         92   drnd.o

    ----------------------------------------------------------------------
      3018         98          0          4          0       2732   Library Totals
         6          0          0          0          0          0   (incl. Padding)

    ----------------------------------------------------------------------

      Code (inc. data)   RO Data    RW Data    ZI Data      Debug   Library Name

      1048         72          0          0          0       1048   m_wm.l
       456         22          0          4          0        608   mc_w.l
      1508          4          0          0          0       1076   mf_w.l

    ----------------------------------------------------------------------
      3018         98          0          4          0       2732   Library Totals

    ----------------------------------------------------------------------

==============================================================================


      Code (inc. data)   RO Data    RW Data    ZI Data      Debug   

     18608       1472        768        312      67000     906718   Grand Totals
     18608       1472        768         40      67000     906718   ELF Image Totals (compressed)
     18608       1472        768         40          0          0   ROM Totals

==============================================================================

    Total RO  Size (Code + RO Data)                19376 (  18.92kB)
    Total RW  Size (RW Data + ZI Data)             67312 (  65.73kB)
    Total ROM Size (Code + RO Data + RW Data)      19416 (  18.96kB)

==============================================================================

